Archive member included to satisfy reference by file (symbol)

/home/arashamf/soft/ARM_toolchains/gcc-arm-none-eabi-10.3-2021.10/bin/../lib/gcc/arm-none-eabi/10.3.1/../../../../arm-none-eabi/lib/thumb/v7-m/nofp/libc_nano.a(lib_a-errno.o)
                              build/sysmem.o (__errno)
/home/arashamf/soft/ARM_toolchains/gcc-arm-none-eabi-10.3-2021.10/bin/../lib/gcc/arm-none-eabi/10.3.1/../../../../arm-none-eabi/lib/thumb/v7-m/nofp/libc_nano.a(lib_a-exit.o)
                              /home/arashamf/soft/ARM_toolchains/gcc-arm-none-eabi-10.3-2021.10/bin/../lib/gcc/arm-none-eabi/10.3.1/../../../../arm-none-eabi/lib/thumb/v7-m/nofp/crt0.o (exit)
/home/arashamf/soft/ARM_toolchains/gcc-arm-none-eabi-10.3-2021.10/bin/../lib/gcc/arm-none-eabi/10.3.1/../../../../arm-none-eabi/lib/thumb/v7-m/nofp/libc_nano.a(lib_a-impure.o)
                              /home/arashamf/soft/ARM_toolchains/gcc-arm-none-eabi-10.3-2021.10/bin/../lib/gcc/arm-none-eabi/10.3.1/../../../../arm-none-eabi/lib/thumb/v7-m/nofp/libc_nano.a(lib_a-exit.o) (_global_impure_ptr)
/home/arashamf/soft/ARM_toolchains/gcc-arm-none-eabi-10.3-2021.10/bin/../lib/gcc/arm-none-eabi/10.3.1/../../../../arm-none-eabi/lib/thumb/v7-m/nofp/libc_nano.a(lib_a-init.o)
                              /home/arashamf/soft/ARM_toolchains/gcc-arm-none-eabi-10.3-2021.10/bin/../lib/gcc/arm-none-eabi/10.3.1/../../../../arm-none-eabi/lib/thumb/v7-m/nofp/crt0.o (__libc_init_array)
/home/arashamf/soft/ARM_toolchains/gcc-arm-none-eabi-10.3-2021.10/bin/../lib/gcc/arm-none-eabi/10.3.1/../../../../arm-none-eabi/lib/thumb/v7-m/nofp/libc_nano.a(lib_a-memset.o)
                              /home/arashamf/soft/ARM_toolchains/gcc-arm-none-eabi-10.3-2021.10/bin/../lib/gcc/arm-none-eabi/10.3.1/../../../../arm-none-eabi/lib/thumb/v7-m/nofp/crt0.o (memset)
/home/arashamf/soft/ARM_toolchains/gcc-arm-none-eabi-10.3-2021.10/bin/../lib/gcc/arm-none-eabi/10.3.1/../../../../arm-none-eabi/lib/thumb/v7-m/nofp/libc_nano.a(lib_a-snprintf.o)
                              build/main.o (snprintf)
/home/arashamf/soft/ARM_toolchains/gcc-arm-none-eabi-10.3-2021.10/bin/../lib/gcc/arm-none-eabi/10.3.1/../../../../arm-none-eabi/lib/thumb/v7-m/nofp/libc_nano.a(lib_a-sprintf.o)
                              build/OLED.o (sprintf)
/home/arashamf/soft/ARM_toolchains/gcc-arm-none-eabi-10.3-2021.10/bin/../lib/gcc/arm-none-eabi/10.3.1/../../../../arm-none-eabi/lib/thumb/v7-m/nofp/libc_nano.a(lib_a-strlen.o)
                              build/OLED.o (strlen)
/home/arashamf/soft/ARM_toolchains/gcc-arm-none-eabi-10.3-2021.10/bin/../lib/gcc/arm-none-eabi/10.3.1/../../../../arm-none-eabi/lib/thumb/v7-m/nofp/libc_nano.a(lib_a-nano-svfprintf.o)
                              /home/arashamf/soft/ARM_toolchains/gcc-arm-none-eabi-10.3-2021.10/bin/../lib/gcc/arm-none-eabi/10.3.1/../../../../arm-none-eabi/lib/thumb/v7-m/nofp/libc_nano.a(lib_a-snprintf.o) (_svfprintf_r)
/home/arashamf/soft/ARM_toolchains/gcc-arm-none-eabi-10.3-2021.10/bin/../lib/gcc/arm-none-eabi/10.3.1/../../../../arm-none-eabi/lib/thumb/v7-m/nofp/libc_nano.a(lib_a-nano-vfprintf_i.o)
                              /home/arashamf/soft/ARM_toolchains/gcc-arm-none-eabi-10.3-2021.10/bin/../lib/gcc/arm-none-eabi/10.3.1/../../../../arm-none-eabi/lib/thumb/v7-m/nofp/libc_nano.a(lib_a-nano-svfprintf.o) (_printf_i)
/home/arashamf/soft/ARM_toolchains/gcc-arm-none-eabi-10.3-2021.10/bin/../lib/gcc/arm-none-eabi/10.3.1/../../../../arm-none-eabi/lib/thumb/v7-m/nofp/libc_nano.a(lib_a-memchr-stub.o)
                              /home/arashamf/soft/ARM_toolchains/gcc-arm-none-eabi-10.3-2021.10/bin/../lib/gcc/arm-none-eabi/10.3.1/../../../../arm-none-eabi/lib/thumb/v7-m/nofp/libc_nano.a(lib_a-nano-svfprintf.o) (memchr)
/home/arashamf/soft/ARM_toolchains/gcc-arm-none-eabi-10.3-2021.10/bin/../lib/gcc/arm-none-eabi/10.3.1/../../../../arm-none-eabi/lib/thumb/v7-m/nofp/libc_nano.a(lib_a-memcpy-stub.o)
                              /home/arashamf/soft/ARM_toolchains/gcc-arm-none-eabi-10.3-2021.10/bin/../lib/gcc/arm-none-eabi/10.3.1/../../../../arm-none-eabi/lib/thumb/v7-m/nofp/libc_nano.a(lib_a-nano-svfprintf.o) (memcpy)
/home/arashamf/soft/ARM_toolchains/gcc-arm-none-eabi-10.3-2021.10/bin/../lib/gcc/arm-none-eabi/10.3.1/../../../../arm-none-eabi/lib/thumb/v7-m/nofp/libc_nano.a(lib_a-memmove.o)
                              /home/arashamf/soft/ARM_toolchains/gcc-arm-none-eabi-10.3-2021.10/bin/../lib/gcc/arm-none-eabi/10.3.1/../../../../arm-none-eabi/lib/thumb/v7-m/nofp/libc_nano.a(lib_a-nano-svfprintf.o) (memmove)
/home/arashamf/soft/ARM_toolchains/gcc-arm-none-eabi-10.3-2021.10/bin/../lib/gcc/arm-none-eabi/10.3.1/../../../../arm-none-eabi/lib/thumb/v7-m/nofp/libc_nano.a(lib_a-nano-freer.o)
                              /home/arashamf/soft/ARM_toolchains/gcc-arm-none-eabi-10.3-2021.10/bin/../lib/gcc/arm-none-eabi/10.3.1/../../../../arm-none-eabi/lib/thumb/v7-m/nofp/libc_nano.a(lib_a-nano-svfprintf.o) (_free_r)
[...]
Memory Configuration

Name             Origin             Length             Attributes
RAM              0x0000000020000000 0x0000000000005000 xrw
FLASH            0x0000000008000000 0x0000000000010000 xr
*default*        0x0000000000000000 0xffffffffffffffff

Linker script and memory map

LOAD /home/arashamf/soft/ARM_toolchains/gcc-arm-none-eabi-10.3-2021.10/bin/../lib/gcc/arm-none-eabi/10.3.1/thumb/v7-m/nofp/crti.o
LOAD /home/arashamf/soft/ARM_toolchains/gcc-arm-none-eabi-10.3-2021.10/bin/../lib/gcc/arm-none-eabi/10.3.1/thumb/v7-m/nofp/crtbegin.o
LOAD /home/arashamf/soft/ARM_toolchains/gcc-arm-none-eabi-10.3-2021.10/bin/../lib/gcc/arm-none-eabi/10.3.1/../../../../arm-none-eabi/lib/thumb/v7-m/nofp/crt0.o
LOAD build/main.o
LOAD build/gpio.o
LOAD build/spi.o
LOAD build/stm32f1xx_it.o
LOAD build/stm32f1xx_ll_gpio.o
LOAD build/stm32f1xx_ll_spi.o
LOAD build/stm32f1xx_ll_dma.o
LOAD build/stm32f1xx_ll_rcc.o
LOAD build/stm32f1xx_ll_utils.o
LOAD build/stm32f1xx_ll_exti.o
LOAD build/stm32f1xx_ll_pwr.o
LOAD build/system_stm32f1xx.o
LOAD build/sysmem.o
LOAD build/syscalls.o
LOAD build/OLED.o
LOAD build/OLED_Fonts.o
LOAD build/OLED_Icons.o
LOAD build/tim.o
LOAD build/stm32f1xx_ll_tim.o
LOAD build/startup_stm32f103xb.o
LOAD /home/arashamf/soft/ARM_toolchains/gcc-arm-none-eabi-10.3-2021.10/bin/../lib/gcc/arm-none-eabi/10.3.1/../../../../arm-none-eabi/lib/thumb/v7-m/nofp/libc_nano.a
LOAD /home/arashamf/soft/ARM_toolchains/gcc-arm-none-eabi-10.3-2021.10/bin/../lib/gcc/arm-none-eabi/10.3.1/../../../../arm-none-eabi/lib/thumb/v7-m/nofp/libm.a
LOAD /home/arashamf/soft/ARM_toolchains/gcc-arm-none-eabi-10.3-2021.10/bin/../lib/gcc/arm-none-eabi/10.3.1/../../../../arm-none-eabi/lib/thumb/v7-m/nofp/libnosys.a
START GROUP
LOAD /home/arashamf/soft/ARM_toolchains/gcc-arm-none-eabi-10.3-2021.10/bin/../lib/gcc/arm-none-eabi/10.3.1/thumb/v7-m/nofp/libgcc.a
LOAD /home/arashamf/soft/ARM_toolchains/gcc-arm-none-eabi-10.3-2021.10/bin/../lib/gcc/arm-none-eabi/10.3.1/../../../../arm-none-eabi/lib/thumb/v7-m/nofp/libc_nano.a
END GROUP
START GROUP
LOAD /home/arashamf/soft/ARM_toolchains/gcc-arm-none-eabi-10.3-2021.10/bin/../lib/gcc/arm-none-eabi/10.3.1/thumb/v7-m/nofp/libgcc.a
LOAD /home/arashamf/soft/ARM_toolchains/gcc-arm-none-eabi-10.3-2021.10/bin/../lib/gcc/arm-none-eabi/10.3.1/../../../../arm-none-eabi/lib/thumb/v7-m/nofp/libc_nano.a
END GROUP
LOAD /home/arashamf/soft/ARM_toolchains/gcc-arm-none-eabi-10.3-2021.10/bin/../lib/gcc/arm-none-eabi/10.3.1/thumb/v7-m/nofp/crtend.o
LOAD /home/arashamf/soft/ARM_toolchains/gcc-arm-none-eabi-10.3-2021.10/bin/../lib/gcc/arm-none-eabi/10.3.1/thumb/v7-m/nofp/crtn.o
                0x0000000020005000                _estack = (ORIGIN (RAM) + LENGTH (RAM))
                0x0000000000000200                _Min_Heap_Size = 0x200
                0x0000000000000400                _Min_Stack_Size = 0x400

.isr_vector     0x0000000008000000      0x10c
                0x0000000008000000                . = ALIGN (0x4)
 *(.isr_vector)
 .isr_vector    0x0000000008000000      0x10c build/startup_stm32f103xb.o
                0x0000000008000000                g_pfnVectors
                0x000000000800010c                . = ALIGN (0x4)

.text           0x000000000800010c     0x1768
                0x000000000800010c                . = ALIGN (0x4)
 *(.text)
 .text          0x000000000800010c       0x40 /home/arashamf/soft/ARM_toolchains/gcc-arm-none-eabi-10.3-2021.10/bin/../lib/gcc/arm-none-eabi/10.3.1/thumb/v7-m/nofp/crtbegin.o
 .text          0x000000000800014c       0x10 /home/arashamf/soft/ARM_toolchains/gcc-arm-none-eabi-10.3-2021.10/bin/../lib/gcc/arm-none-eabi/10.3.1/../../../../arm-none-eabi/lib/thumb/v7-m/nofp/libc_nano.a(lib_a-strlen.o)
                0x000000000800014c                strlen
 *(.text*)
 .text.SystemClock_Config
                0x000000000800015c       0xa4 build/main.o
                0x000000000800015c                SystemClock_Config
 .text.main     0x0000000008000200      0x360 build/main.o
                0x0000000008000200                main
 .text.TIM_DELAY_MS_Callback
                0x0000000008000560       0x24 build/main.o
                0x0000000008000560                TIM_DELAY_MS_Callback
 .text.MX_GPIO_Init
                0x0000000008000584       0xcc build/gpio.o
                0x0000000008000584                MX_GPIO_Init
 .text.read_gray_code_from_encoder
                0x0000000008000650       0x64 build/gpio.o
                0x0000000008000650                read_gray_code_from_encoder
 .text.MX_SPI1_Init
                0x00000000080006b4       0x98 build/spi.o
                0x00000000080006b4                MX_SPI1_Init
 .text.NMI_Handler
                0x000000000800074c        0x2 build/stm32f1xx_it.o
                0x000000000800074c                NMI_Handler
 .text.HardFault_Handler
                0x000000000800074e        0x2 build/stm32f1xx_it.o
                0x000000000800074e                HardFault_Handler
 .text.MemManage_Handler
                0x0000000008000750        0x2 build/stm32f1xx_it.o
                0x0000000008000750                MemManage_Handler
 .text.BusFault_Handler
                0x0000000008000752        0x2 build/stm32f1xx_it.o
                0x0000000008000752                BusFault_Handler
 .text.UsageFault_Handler
                0x0000000008000754        0x2 build/stm32f1xx_it.o
                0x0000000008000754                UsageFault_Handler
 .text.SVC_Handler
                0x0000000008000756        0x2 build/stm32f1xx_it.o
                0x0000000008000756                SVC_Handler
 .text.DebugMon_Handler
                0x0000000008000758        0x2 build/stm32f1xx_it.o
                0x0000000008000758                DebugMon_Handler
 .text.PendSV_Handler
                0x000000000800075a        0x2 build/stm32f1xx_it.o
                0x000000000800075a                PendSV_Handler
 .text.SysTick_Handler
                0x000000000800075c        0x2 build/stm32f1xx_it.o
                0x000000000800075c                SysTick_Handler
 .text.LL_GPIO_Init
                0x000000000800075e      0x116 build/stm32f1xx_ll_gpio.o
                0x000000000800075e                LL_GPIO_Init
 .text.LL_SPI_Init
                0x0000000008000874       0x60 build/stm32f1xx_ll_spi.o
                0x0000000008000874                LL_SPI_Init
 .text.LL_Init1msTick
                0x00000000080008d4       0x20 build/stm32f1xx_ll_utils.o
                0x00000000080008d4                LL_Init1msTick
 .text.LL_SetSystemCoreClock
                0x00000000080008f4        0xc build/stm32f1xx_ll_utils.o
                0x00000000080008f4                LL_SetSystemCoreClock
 .text.SystemInit
                0x0000000008000900        0x2 build/system_stm32f1xx.o
                0x0000000008000900                SystemInit
 *fill*         0x0000000008000902        0x2 
 .text._sbrk    0x0000000008000904       0x48 build/sysmem.o
                0x0000000008000904                _sbrk
 .text.OLED_ClearBuffer
                0x000000000800094c       0x18 build/OLED.o
                0x000000000800094c                OLED_ClearBuffer
 .text.OLED_SendCommand
                0x0000000008000964       0x2c build/OLED.o
                0x0000000008000964                OLED_SendCommand
 .text.OLED_SendData
                0x0000000008000990       0x2c build/OLED.o
                0x0000000008000990                OLED_SendData
 .text.OLED_Clear
                0x00000000080009bc       0x14 build/OLED.o
                0x00000000080009bc                OLED_Clear
 .text.OLED_Invert
                0x00000000080009d0       0x14 build/OLED.o
                0x00000000080009d0                OLED_Invert
 .text.OLED_GetWidthStr
                0x00000000080009e4       0x3c build/OLED.o
                0x00000000080009e4                OLED_GetWidthStr
 .text.OLED_DrawPixelStatus
                0x0000000008000a20       0x44 build/OLED.o
                0x0000000008000a20                OLED_DrawPixelStatus
 .text.OLED_DrawChar
                0x0000000008000a64       0x90 build/OLED.o
                0x0000000008000a64                OLED_DrawChar
 .text.OLED_DrawStr
                0x0000000008000af4       0x90 build/OLED.o
                0x0000000008000af4                OLED_DrawStr
 .text.OLED_UpdateScreen
                0x0000000008000b84       0x40 build/OLED.o
                0x0000000008000b84                OLED_UpdateScreen
 .text.OLED_init
                0x0000000008000bc4       0xc4 build/OLED.o
                0x0000000008000bc4                OLED_init
 .text.FontSet  0x0000000008000c88       0x20 build/OLED_Fonts.o
                0x0000000008000c88                FontSet
 .text.MX_TIM4_Init
                0x0000000008000ca8       0x6c build/tim.o
                0x0000000008000ca8                MX_TIM4_Init
 .text.TIM_MS_DELAY_Init
                0x0000000008000d14       0x8c build/tim.o
                0x0000000008000d14                TIM_MS_DELAY_Init
 .text.delay_ms
                0x0000000008000da0       0x28 build/tim.o
                0x0000000008000da0                delay_ms
 .text.TIM3_IRQHandler
                0x0000000008000dc8       0x28 build/tim.o
                0x0000000008000dc8                TIM3_IRQHandler
 .text.delay_us
                0x0000000008000df0       0x30 build/tim.o
                0x0000000008000df0                delay_us
 .text.LL_TIM_Init
                0x0000000008000e20       0x70 build/stm32f1xx_ll_tim.o
                0x0000000008000e20                LL_TIM_Init
 .text.Reset_Handler
                0x0000000008000e90       0x48 build/startup_stm32f103xb.o
                0x0000000008000e90                Reset_Handler
 .text.Default_Handler
                0x0000000008000ed8        0x2 build/startup_stm32f103xb.o
                0x0000000008000ed8                RTC_Alarm_IRQHandler
                0x0000000008000ed8                EXTI2_IRQHandler
                0x0000000008000ed8                TIM1_CC_IRQHandler
                0x0000000008000ed8                PVD_IRQHandler
                0x0000000008000ed8                EXTI3_IRQHandler
                0x0000000008000ed8                EXTI0_IRQHandler
                0x0000000008000ed8                I2C2_EV_IRQHandler
                0x0000000008000ed8                ADC1_2_IRQHandler
                0x0000000008000ed8                SPI1_IRQHandler
                0x0000000008000ed8                TAMPER_IRQHandler
                0x0000000008000ed8                DMA1_Channel4_IRQHandler
                0x0000000008000ed8                USART3_IRQHandler
                0x0000000008000ed8                RTC_IRQHandler
                0x0000000008000ed8                DMA1_Channel7_IRQHandler
                0x0000000008000ed8                CAN1_RX1_IRQHandler
                0x0000000008000ed8                TIM4_IRQHandler
                0x0000000008000ed8                I2C1_EV_IRQHandler
                0x0000000008000ed8                DMA1_Channel6_IRQHandler
                0x0000000008000ed8                RCC_IRQHandler
                0x0000000008000ed8                TIM1_TRG_COM_IRQHandler
                0x0000000008000ed8                DMA1_Channel1_IRQHandler
                0x0000000008000ed8                Default_Handler
                0x0000000008000ed8                EXTI15_10_IRQHandler
                0x0000000008000ed8                EXTI9_5_IRQHandler
                0x0000000008000ed8                SPI2_IRQHandler
                0x0000000008000ed8                DMA1_Channel5_IRQHandler
                0x0000000008000ed8                EXTI4_IRQHandler
                0x0000000008000ed8                USB_LP_CAN1_RX0_IRQHandler
                0x0000000008000ed8                USB_HP_CAN1_TX_IRQHandler
                0x0000000008000ed8                DMA1_Channel3_IRQHandler
                0x0000000008000ed8                TIM1_UP_IRQHandler
                0x0000000008000ed8                WWDG_IRQHandler
                0x0000000008000ed8                TIM2_IRQHandler
                0x0000000008000ed8                TIM1_BRK_IRQHandler
                0x0000000008000ed8                EXTI1_IRQHandler
                0x0000000008000ed8                USART2_IRQHandler
                0x0000000008000ed8                I2C2_ER_IRQHandler
                0x0000000008000ed8                DMA1_Channel2_IRQHandler
                0x0000000008000ed8                CAN1_SCE_IRQHandler
                0x0000000008000ed8                FLASH_IRQHandler
                0x0000000008000ed8                USART1_IRQHandler
                0x0000000008000ed8                I2C1_ER_IRQHandler
                0x0000000008000ed8                USBWakeUp_IRQHandler
 *fill*         0x0000000008000eda        0x2 
 .text.__errno  0x0000000008000edc        0xc /home/arashamf/soft/ARM_toolchains/gcc-arm-none-eabi-10.3-2021.10/bin/../lib/gcc/arm-none-eabi/10.3.1/../../../../arm-none-eabi/lib/thumb/v7-m/nofp/libc_nano.a(lib_a-errno.o)
                0x0000000008000edc                __errno
 .text.__libc_init_array
                0x0000000008000ee8       0x48 /home/arashamf/soft/ARM_toolchains/gcc-arm-none-eabi-10.3-2021.10/bin/../lib/gcc/arm-none-eabi/10.3.1/../../../../arm-none-eabi/lib/thumb/v7-m/nofp/libc_nano.a(lib_a-init.o)
                0x0000000008000ee8                __libc_init_array
 .text.memset   0x0000000008000f30       0x10 /home/arashamf/soft/ARM_toolchains/gcc-arm-none-eabi-10.3-2021.10/bin/../lib/gcc/arm-none-eabi/10.3.1/../../../../arm-none-eabi/lib/thumb/v7-m/nofp/libc_nano.a(lib_a-memset.o)
                0x0000000008000f30                memset
 .text.snprintf
                0x0000000008000f40       0x68 /home/arashamf/soft/ARM_toolchains/gcc-arm-none-eabi-10.3-2021.10/bin/../lib/gcc/arm-none-eabi/10.3.1/../../../../arm-none-eabi/lib/thumb/v7-m/nofp/libc_nano.a(lib_a-snprintf.o)
                0x0000000008000f40                snprintf
                0x0000000008000f40                sniprintf
 .text.__ssputs_r
                0x0000000008000fa8       0xb6 /home/arashamf/soft/ARM_toolchains/gcc-arm-none-eabi-10.3-2021.10/bin/../lib/gcc/arm-none-eabi/10.3.1/../../../../arm-none-eabi/lib/thumb/v7-m/nofp/libc_nano.a(lib_a-nano-svfprintf.o)
                0x0000000008000fa8                __ssputs_r
 *fill*         0x000000000800105e        0x2 
 .text._svfprintf_r
                0x0000000008001060      0x200 /home/arashamf/soft/ARM_toolchains/gcc-arm-none-eabi-10.3-2021.10/bin/../lib/gcc/arm-none-eabi/10.3.1/../../../../arm-none-eabi/lib/thumb/v7-m/nofp/libc_nano.a(lib_a-nano-svfprintf.o)
                0x0000000008001060                _svfprintf_r
                0x0000000008001060                _svfiprintf_r
 .text._printf_common
                0x0000000008001260       0xde /home/arashamf/soft/ARM_toolchains/gcc-arm-none-eabi-10.3-2021.10/bin/../lib/gcc/arm-none-eabi/10.3.1/../../../../arm-none-eabi/lib/thumb/v7-m/nofp/libc_nano.a(lib_a-nano-vfprintf_i.o)
                0x0000000008001260                _printf_common
 *fill*         0x000000000800133e        0x2 
 .text._printf_i
                0x0000000008001340      0x24c /home/arashamf/soft/ARM_toolchains/gcc-arm-none-eabi-10.3-2021.10/bin/../lib/gcc/arm-none-eabi/10.3.1/../../../../arm-none-eabi/lib/thumb/v7-m/nofp/libc_nano.a(lib_a-nano-vfprintf_i.o)
                0x0000000008001340                _printf_i
 .text.memchr   0x000000000800158c       0x1c /home/arashamf/soft/ARM_toolchains/gcc-arm-none-eabi-10.3-2021.10/bin/../lib/gcc/arm-none-eabi/10.3.1/../../../../arm-none-eabi/lib/thumb/v7-m/nofp/libc_nano.a(lib_a-memchr-stub.o)
                0x000000000800158c                memchr
 .text.memcpy   0x00000000080015a8       0x1c /home/arashamf/soft/ARM_toolchains/gcc-arm-none-eabi-10.3-2021.10/bin/../lib/gcc/arm-none-eabi/10.3.1/../../../../arm-none-eabi/lib/thumb/v7-m/nofp/libc_nano.a(lib_a-memcpy-stub.o)
                0x00000000080015a8                memcpy
 .text.memmove  0x00000000080015c4       0x34 /home/arashamf/soft/ARM_toolchains/gcc-arm-none-eabi-10.3-2021.10/bin/../lib/gcc/arm-none-eabi/10.3.1/../../../../arm-none-eabi/lib/thumb/v7-m/nofp/libc_nano.a(lib_a-memmove.o)
                0x00000000080015c4                memmove
 .text._free_r  0x00000000080015f8       0x90 /home/arashamf/soft/ARM_toolchains/gcc-arm-none-eabi-10.3-2021.10/bin/../lib/gcc/arm-none-eabi/10.3.1/../../../../arm-none-eabi/lib/thumb/v7-m/nofp/libc_nano.a(lib_a-nano-freer.o)
                0x00000000080015f8                _free_r
 .text.sbrk_aligned
                0x0000000008001688       0x40 /home/arashamf/soft/ARM_toolchains/gcc-arm-none-eabi-10.3-2021.10/bin/../lib/gcc/arm-none-eabi/10.3.1/../../../../arm-none-eabi/lib/thumb/v7-m/nofp/libc_nano.a(lib_a-nano-mallocr.o)
 .text._malloc_r
                0x00000000080016c8       0xe8 /home/arashamf/soft/ARM_toolchains/gcc-arm-none-eabi-10.3-2021.10/bin/../lib/gcc/arm-none-eabi/10.3.1/../../../../arm-none-eabi/lib/thumb/v7-m/nofp/libc_nano.a(lib_a-nano-mallocr.o)
                0x00000000080016c8                _malloc_r
 .text._realloc_r
                0x00000000080017b0       0x5e /home/arashamf/soft/ARM_toolchains/gcc-arm-none-eabi-10.3-2021.10/bin/../lib/gcc/arm-none-eabi/10.3.1/../../../../arm-none-eabi/lib/thumb/v7-m/nofp/libc_nano.a(lib_a-nano-reallocr.o)
                0x00000000080017b0                _realloc_r
 *fill*         0x000000000800180e        0x2 
 .text._sbrk_r  0x0000000008001810       0x20 /home/arashamf/soft/ARM_toolchains/gcc-arm-none-eabi-10.3-2021.10/bin/../lib/gcc/arm-none-eabi/10.3.1/../../../../arm-none-eabi/lib/thumb/v7-m/nofp/libc_nano.a(lib_a-sbrkr.o)
                0x0000000008001810                _sbrk_r
 .text.__malloc_lock
                0x0000000008001830        0xc /home/arashamf/soft/ARM_toolchains/gcc-arm-none-eabi-10.3-2021.10/bin/../lib/gcc/arm-none-eabi/10.3.1/../../../../arm-none-eabi/lib/thumb/v7-m/nofp/libc_nano.a(lib_a-mlock.o)
                0x0000000008001830                __malloc_lock
 .text.__malloc_unlock
                0x000000000800183c        0xc /home/arashamf/soft/ARM_toolchains/gcc-arm-none-eabi-10.3-2021.10/bin/../lib/gcc/arm-none-eabi/10.3.1/../../../../arm-none-eabi/lib/thumb/v7-m/nofp/libc_nano.a(lib_a-mlock.o)
                0x000000000800183c                __malloc_unlock
 .text._malloc_usable_size_r
                0x0000000008001848       0x10 /home/arashamf/soft/ARM_toolchains/gcc-arm-none-eabi-10.3-2021.10/bin/../lib/gcc/arm-none-eabi/10.3.1/../../../../arm-none-eabi/lib/thumb/v7-m/nofp/libc_nano.a(lib_a-nano-msizer.o)
                0x0000000008001848                _malloc_usable_size_r
 .text.__retarget_lock_acquire_recursive
                0x0000000008001858        0x2 /home/arashamf/soft/ARM_toolchains/gcc-arm-none-eabi-10.3-2021.10/bin/../lib/gcc/arm-none-eabi/10.3.1/../../../../arm-none-eabi/lib/thumb/v7-m/nofp/libc_nano.a(lib_a-lock.o)
                0x0000000008001858                __retarget_lock_acquire_recursive
 .text.__retarget_lock_release_recursive
                0x000000000800185a        0x2 /home/arashamf/soft/ARM_toolchains/gcc-arm-none-eabi-10.3-2021.10/bin/../lib/gcc/arm-none-eabi/10.3.1/../../../../arm-none-eabi/lib/thumb/v7-m/nofp/libc_nano.a(lib_a-lock.o)
                0x000000000800185a                __retarget_lock_release_recursive
 *(.glue_7)
 .glue_7        0x000000000800185c        0x0 linker stubs
 *(.glue_7t)
 .glue_7t       0x000000000800185c        0x0 linker stubs
 *(.eh_frame)
 .eh_frame      0x000000000800185c        0x0 /home/arashamf/soft/ARM_toolchains/gcc-arm-none-eabi-10.3-2021.10/bin/../lib/gcc/arm-none-eabi/10.3.1/thumb/v7-m/nofp/crtbegin.o
 *(.init)
 .init          0x000000000800185c        0x4 /home/arashamf/soft/ARM_toolchains/gcc-arm-none-eabi-10.3-2021.10/bin/../lib/gcc/arm-none-eabi/10.3.1/thumb/v7-m/nofp/crti.o
                0x000000000800185c                _init
 .init          0x0000000008001860        0x8 /home/arashamf/soft/ARM_toolchains/gcc-arm-none-eabi-10.3-2021.10/bin/../lib/gcc/arm-none-eabi/10.3.1/thumb/v7-m/nofp/crtn.o
 *(.fini)
 .fini          0x0000000008001868        0x4 /home/arashamf/soft/ARM_toolchains/gcc-arm-none-eabi-10.3-2021.10/bin/../lib/gcc/arm-none-eabi/10.3.1/thumb/v7-m/nofp/crti.o
                0x0000000008001868                _fini
 .fini          0x000000000800186c        0x8 /home/arashamf/soft/ARM_toolchains/gcc-arm-none-eabi-10.3-2021.10/bin/../lib/gcc/arm-none-eabi/10.3.1/thumb/v7-m/nofp/crtn.o
                0x0000000008001874                . = ALIGN (0x4)
                0x0000000008001874                _etext = .

.vfp11_veneer   0x0000000008001874        0x0
 .vfp11_veneer  0x0000000008001874        0x0 linker stubs

.v4_bx          0x0000000008001874        0x0
 .v4_bx         0x0000000008001874        0x0 linker stubs

.iplt           0x0000000008001874        0x0
 .iplt          0x0000000008001874        0x0 /home/arashamf/soft/ARM_toolchains/gcc-arm-none-eabi-10.3-2021.10/bin/../lib/gcc/arm-none-eabi/10.3.1/thumb/v7-m/nofp/crtbegin.o

.rodata         0x0000000008001874      0xc18
                0x0000000008001874                . = ALIGN (0x4)
 *(.rodata)
 *(.rodata*)
 .rodata.main.str1.4
                0x0000000008001874       0x3d build/main.o
 *fill*         0x00000000080018b1        0x3 
 .rodata.Segoe_UI_Eng_12
                0x00000000080018b4      0xba4 build/OLED_Fonts.o
                0x00000000080018b4                Segoe_UI_Eng_12
 .rodata._svfprintf_r.str1.1
                0x0000000008002458       0x11 /home/arashamf/soft/ARM_toolchains/gcc-arm-none-eabi-10.3-2021.10/bin/../lib/gcc/arm-none-eabi/10.3.1/../../../../arm-none-eabi/lib/thumb/v7-m/nofp/libc_nano.a(lib_a-nano-svfprintf.o)
 .rodata._printf_i.str1.1
                0x0000000008002469       0x22 /home/arashamf/soft/ARM_toolchains/gcc-arm-none-eabi-10.3-2021.10/bin/../lib/gcc/arm-none-eabi/10.3.1/../../../../arm-none-eabi/lib/thumb/v7-m/nofp/libc_nano.a(lib_a-nano-vfprintf_i.o)
                0x000000000800248c                . = ALIGN (0x4)
 *fill*         0x000000000800248b        0x1 

.rel.dyn        0x000000000800248c        0x0
 .rel.iplt      0x000000000800248c        0x0 /home/arashamf/soft/ARM_toolchains/gcc-arm-none-eabi-10.3-2021.10/bin/../lib/gcc/arm-none-eabi/10.3.1/thumb/v7-m/nofp/crtbegin.o

.ARM.extab
 *(.ARM.extab* .gnu.linkonce.armextab.*)

.ARM            0x000000000800248c        0x0
                0x000000000800248c                __exidx_start = .
 *(.ARM.exidx*)
                0x000000000800248c                __exidx_end = .

.preinit_array  0x000000000800248c        0x0
                0x000000000800248c                PROVIDE (__preinit_array_start = .)
 *(.preinit_array*)
                0x000000000800248c                PROVIDE (__preinit_array_end = .)

.init_array     0x000000000800248c        0x4
                0x000000000800248c                PROVIDE (__init_array_start = .)
 *(SORT_BY_NAME(.init_array.*))
 *(.init_array*)
 .init_array    0x000000000800248c        0x4 /home/arashamf/soft/ARM_toolchains/gcc-arm-none-eabi-10.3-2021.10/bin/../lib/gcc/arm-none-eabi/10.3.1/thumb/v7-m/nofp/crtbegin.o
                0x0000000008002490                PROVIDE (__init_array_end = .)

.fini_array     0x0000000008002490        0x4
                [!provide]                        PROVIDE (__fini_array_start = .)
 *(SORT_BY_NAME(.fini_array.*))
 *(.fini_array*)
 .fini_array    0x0000000008002490        0x4 /home/arashamf/soft/ARM_toolchains/gcc-arm-none-eabi-10.3-2021.10/bin/../lib/gcc/arm-none-eabi/10.3.1/thumb/v7-m/nofp/crtbegin.o
                [!provide]                        PROVIDE (__fini_array_end = .)
                0x0000000008002494                _sidata = LOADADDR (.data)

.data           0x0000000020000000       0x6c load address 0x0000000008002494
                0x0000000020000000                . = ALIGN (0x4)
                0x0000000020000000                _sdata = .
 *(.data)
 *(.data*)
 .data.ms_delay
                0x0000000020000000        0x4 build/main.o
                0x0000000020000000                ms_delay
 .data.SystemCoreClock
                0x0000000020000004        0x4 build/system_stm32f1xx.o
                0x0000000020000004                SystemCoreClock
 .data._impure_ptr
                0x0000000020000008        0x4 /home/arashamf/soft/ARM_toolchains/gcc-arm-none-eabi-10.3-2021.10/bin/../lib/gcc/arm-none-eabi/10.3.1/../../../../arm-none-eabi/lib/thumb/v7-m/nofp/libc_nano.a(lib_a-impure.o)
                0x0000000020000008                _impure_ptr
 .data.impure_data
                0x000000002000000c       0x60 /home/arashamf/soft/ARM_toolchains/gcc-arm-none-eabi-10.3-2021.10/bin/../lib/gcc/arm-none-eabi/10.3.1/../../../../arm-none-eabi/lib/thumb/v7-m/nofp/libc_nano.a(lib_a-impure.o)
                0x000000002000006c                . = ALIGN (0x4)
                0x000000002000006c                _edata = .

.igot.plt       0x000000002000006c        0x0 load address 0x0000000008002500
 .igot.plt      0x000000002000006c        0x0 /home/arashamf/soft/ARM_toolchains/gcc-arm-none-eabi-10.3-2021.10/bin/../lib/gcc/arm-none-eabi/10.3.1/thumb/v7-m/nofp/crtbegin.o
                0x000000002000006c                . = ALIGN (0x4)

.bss            0x000000002000006c      0x464 load address 0x0000000008002500
                0x000000002000006c                _sbss = .
                0x000000002000006c                __bss_start__ = _sbss
 *(.bss)
 .bss           0x000000002000006c       0x1c /home/arashamf/soft/ARM_toolchains/gcc-arm-none-eabi-10.3-2021.10/bin/../lib/gcc/arm-none-eabi/10.3.1/thumb/v7-m/nofp/crtbegin.o
 *(.bss*)
 .bss.enc_count
                0x0000000020000088        0x4 build/main.o
                0x0000000020000088                enc_count
 .bss.flag_dir  0x000000002000008c        0x1 build/main.o
                0x000000002000008c                flag_dir
 .bss.flag_end_delay
                0x000000002000008d        0x1 build/main.o
                0x000000002000008d                flag_end_delay
 .bss.flag_rev  0x000000002000008e        0x1 build/main.o
                0x000000002000008e                flag_rev
 *fill*         0x000000002000008f        0x1 
 .bss.lcd_buf   0x0000000020000090       0x19 build/main.o
                0x0000000020000090                lcd_buf
 .bss.state_machine
                0x00000000200000a9        0x1 build/main.o
                0x00000000200000a9                state_machine
 .bss.val_new   0x00000000200000aa        0x1 build/main.o
                0x00000000200000aa                val_new
 .bss.val_old   0x00000000200000ab        0x1 build/main.o
                0x00000000200000ab                val_old
 .bss.__sbrk_heap_end
                0x00000000200000ac        0x4 build/sysmem.o
 .bss.oled_buffer
                0x00000000200000b0      0x400 build/OLED.o
 .bss.Font      0x00000000200004b0       0x10 build/OLED_Fonts.o
                0x00000000200004b0                Font
 .bss.__malloc_free_list
                0x00000000200004c0        0x4 /home/arashamf/soft/ARM_toolchains/gcc-arm-none-eabi-10.3-2021.10/bin/../lib/gcc/arm-none-eabi/10.3.1/../../../../arm-none-eabi/lib/thumb/v7-m/nofp/libc_nano.a(lib_a-nano-mallocr.o)
                0x00000000200004c0                __malloc_free_list
 .bss.__malloc_sbrk_start
                0x00000000200004c4        0x4 /home/arashamf/soft/ARM_toolchains/gcc-arm-none-eabi-10.3-2021.10/bin/../lib/gcc/arm-none-eabi/10.3.1/../../../../arm-none-eabi/lib/thumb/v7-m/nofp/libc_nano.a(lib_a-nano-mallocr.o)
                0x00000000200004c4                __malloc_sbrk_start
 .bss.errno     0x00000000200004c8        0x4 /home/arashamf/soft/ARM_toolchains/gcc-arm-none-eabi-10.3-2021.10/bin/../lib/gcc/arm-none-eabi/10.3.1/../../../../arm-none-eabi/lib/thumb/v7-m/nofp/libc_nano.a(lib_a-reent.o)
                0x00000000200004c8                errno
 .bss.__lock___malloc_recursive_mutex
                0x00000000200004cc        0x1 /home/arashamf/soft/ARM_toolchains/gcc-arm-none-eabi-10.3-2021.10/bin/../lib/gcc/arm-none-eabi/10.3.1/../../../../arm-none-eabi/lib/thumb/v7-m/nofp/libc_nano.a(lib_a-lock.o)
                0x00000000200004cc                __lock___malloc_recursive_mutex
 *(COMMON)
                0x00000000200004d0                . = ALIGN (0x4)
 *fill*         0x00000000200004cd        0x3 
                0x00000000200004d0                _ebss = .
                0x00000000200004d0                __bss_end__ = _ebss

._user_heap_stack
                0x00000000200004d0      0x600 load address 0x0000000008002500
                0x00000000200004d0                . = ALIGN (0x8)
                [!provide]                        PROVIDE (end = .)
                0x00000000200004d0                PROVIDE (_end = .)
                0x00000000200006d0                . = (. + _Min_Heap_Size)
 *fill*         0x00000000200004d0      0x200 
                0x0000000020000ad0                . = (. + _Min_Stack_Size)
 *fill*         0x00000000200006d0      0x400 
                0x0000000020000ad0                . = ALIGN (0x8)

/DISCARD/
 libc.a(*)
 libm.a(*)
 libgcc.a(*)

.ARM.attributes
                0x0000000000000000       0x29
 *(.ARM.attributes)
 .ARM.attributes
                0x0000000000000000       0x1d /home/arashamf/soft/ARM_toolchains/gcc-arm-none-eabi-10.3-2021.10/bin/../lib/gcc/arm-none-eabi/10.3.1/thumb/v7-m/nofp/crti.o
 .ARM.attributes
                0x000000000000001d       0x2d /home/arashamf/soft/ARM_toolchains/gcc-arm-none-eabi-10.3-2021.10/bin/../lib/gcc/arm-none-eabi/10.3.1/thumb/v7-m/nofp/crtbegin.o
 .ARM.attributes
                0x000000000000004a       0x2d build/main.o
 .ARM.attributes
                0x0000000000000077       0x2d build/gpio.o
 .ARM.attributes
                0x00000000000000a4       0x2d build/spi.o
 .ARM.attributes
                0x00000000000000d1       0x2d build/stm32f1xx_it.o
 .ARM.attributes
                0x00000000000000fe       0x2d build/stm32f1xx_ll_gpio.o
 .ARM.attributes
                0x000000000000012b       0x2d build/stm32f1xx_ll_spi.o
 .ARM.attributes
                0x0000000000000158       0x2d build/stm32f1xx_ll_utils.o
 .ARM.attributes
                0x0000000000000185       0x2d build/system_stm32f1xx.o
 .ARM.attributes
                0x00000000000001b2       0x2d build/sysmem.o
 .ARM.attributes
                0x00000000000001df       0x2d build/OLED.o
 .ARM.attributes
                0x000000000000020c       0x2d build/OLED_Fonts.o
 .ARM.attributes
                0x0000000000000239       0x2d build/tim.o
 .ARM.attributes
                0x0000000000000266       0x2d build/stm32f1xx_ll_tim.o
 .ARM.attributes
                0x0000000000000293       0x21 build/startup_stm32f103xb.o
 .ARM.attributes
                0x00000000000002b4       0x2d /home/arashamf/soft/ARM_toolchains/gcc-arm-none-eabi-10.3-2021.10/bin/../lib/gcc/arm-none-eabi/10.3.1/../../../../arm-none-eabi/lib/thumb/v7-m/nofp/libc_nano.a(lib_a-errno.o)
 .ARM.attributes
                0x00000000000002e1       0x2d /home/arashamf/soft/ARM_toolchains/gcc-arm-none-eabi-10.3-2021.10/bin/../lib/gcc/arm-none-eabi/10.3.1/../../../../arm-none-eabi/lib/thumb/v7-m/nofp/libc_nano.a(lib_a-impure.o)
 .ARM.attributes
                0x000000000000030e       0x2d /home/arashamf/soft/ARM_toolchains/gcc-arm-none-eabi-10.3-2021.10/bin/../lib/gcc/arm-none-eabi/10.3.1/../../../../arm-none-eabi/lib/thumb/v7-m/nofp/libc_nano.a(lib_a-init.o)
 .ARM.attributes
                0x000000000000033b       0x2d /home/arashamf/soft/ARM_toolchains/gcc-arm-none-eabi-10.3-2021.10/bin/../lib/gcc/arm-none-eabi/10.3.1/../../../../arm-none-eabi/lib/thumb/v7-m/nofp/libc_nano.a(lib_a-memset.o)
 .ARM.attributes
                0x0000000000000368       0x2d /home/arashamf/soft/ARM_toolchains/gcc-arm-none-eabi-10.3-2021.10/bin/../lib/gcc/arm-none-eabi/10.3.1/../../../../arm-none-eabi/lib/thumb/v7-m/nofp/libc_nano.a(lib_a-snprintf.o)
 .ARM.attributes
                0x0000000000000395       0x17 /home/arashamf/soft/ARM_toolchains/gcc-arm-none-eabi-10.3-2021.10/bin/../lib/gcc/arm-none-eabi/10.3.1/../../../../arm-none-eabi/lib/thumb/v7-m/nofp/libc_nano.a(lib_a-strlen.o)
 .ARM.attributes
                0x00000000000003ac       0x2d /home/arashamf/soft/ARM_toolchains/gcc-arm-none-eabi-10.3-2021.10/bin/../lib/gcc/arm-none-eabi/10.3.1/../../../../arm-none-eabi/lib/thumb/v7-m/nofp/libc_nano.a(lib_a-nano-svfprintf.o)
 .ARM.attributes
                0x00000000000003d9       0x2d /home/arashamf/soft/ARM_toolchains/gcc-arm-none-eabi-10.3-2021.10/bin/../lib/gcc/arm-none-eabi/10.3.1/../../../../arm-none-eabi/lib/thumb/v7-m/nofp/libc_nano.a(lib_a-nano-vfprintf_i.o)
 .ARM.attributes
                0x0000000000000406       0x2d /home/arashamf/soft/ARM_toolchains/gcc-arm-none-eabi-10.3-2021.10/bin/../lib/gcc/arm-none-eabi/10.3.1/../../../../arm-none-eabi/lib/thumb/v7-m/nofp/libc_nano.a(lib_a-memchr-stub.o)
 .ARM.attributes
                0x0000000000000433       0x2d /home/arashamf/soft/ARM_toolchains/gcc-arm-none-eabi-10.3-2021.10/bin/../lib/gcc/arm-none-eabi/10.3.1/../../../../arm-none-eabi/lib/thumb/v7-m/nofp/libc_nano.a(lib_a-memcpy-stub.o)
 .ARM.attributes
                0x0000000000000460       0x2d /home/arashamf/soft/ARM_toolchains/gcc-arm-none-eabi-10.3-2021.10/bin/../lib/gcc/arm-none-eabi/10.3.1/../../../../arm-none-eabi/lib/thumb/v7-m/nofp/libc_nano.a(lib_a-memmove.o)
 .ARM.attributes
                0x000000000000048d       0x2d /home/arashamf/soft/ARM_toolchains/gcc-arm-none-eabi-10.3-2021.10/bin/../lib/gcc/arm-none-eabi/10.3.1/../../../../arm-none-eabi/lib/thumb/v7-m/nofp/libc_nano.a(lib_a-nano-freer.o)
 .ARM.attributes
                0x00000000000004ba       0x2d /home/arashamf/soft/ARM_toolchains/gcc-arm-none-eabi-10.3-2021.10/bin/../lib/gcc/arm-none-eabi/10.3.1/../../../../arm-none-eabi/lib/thumb/v7-m/nofp/libc_nano.a(lib_a-nano-mallocr.o)
 .ARM.attributes
                0x00000000000004e7       0x2d /home/arashamf/soft/ARM_toolchains/gcc-arm-none-eabi-10.3-2021.10/bin/../lib/gcc/arm-none-eabi/10.3.1/../../../../arm-none-eabi/lib/thumb/v7-m/nofp/libc_nano.a(lib_a-nano-reallocr.o)
 .ARM.attributes
                0x0000000000000514       0x2d /home/arashamf/soft/ARM_toolchains/gcc-arm-none-eabi-10.3-2021.10/bin/../lib/gcc/arm-none-eabi/10.3.1/../../../../arm-none-eabi/lib/thumb/v7-m/nofp/libc_nano.a(lib_a-sbrkr.o)
 .ARM.attributes
                0x0000000000000541       0x2d /home/arashamf/soft/ARM_toolchains/gcc-arm-none-eabi-10.3-2021.10/bin/../lib/gcc/arm-none-eabi/10.3.1/../../../../arm-none-eabi/lib/thumb/v7-m/nofp/libc_nano.a(lib_a-mlock.o)
 .ARM.attributes
                0x000000000000056e       0x2d /home/arashamf/soft/ARM_toolchains/gcc-arm-none-eabi-10.3-2021.10/bin/../lib/gcc/arm-none-eabi/10.3.1/../../../../arm-none-eabi/lib/thumb/v7-m/nofp/libc_nano.a(lib_a-nano-msizer.o)
 .ARM.attributes
                0x000000000000059b       0x2d /home/arashamf/soft/ARM_toolchains/gcc-arm-none-eabi-10.3-2021.10/bin/../lib/gcc/arm-none-eabi/10.3.1/../../../../arm-none-eabi/lib/thumb/v7-m/nofp/libc_nano.a(lib_a-reent.o)
 .ARM.attributes
                0x00000000000005c8       0x2d /home/arashamf/soft/ARM_toolchains/gcc-arm-none-eabi-10.3-2021.10/bin/../lib/gcc/arm-none-eabi/10.3.1/../../../../arm-none-eabi/lib/thumb/v7-m/nofp/libc_nano.a(lib_a-lock.o)
 .ARM.attributes
                0x00000000000005f5       0x1d /home/arashamf/soft/ARM_toolchains/gcc-arm-none-eabi-10.3-2021.10/bin/../lib/gcc/arm-none-eabi/10.3.1/thumb/v7-m/nofp/crtn.o
OUTPUT(build/encoder.elf elf32-littlearm)
LOAD linker stubs
LOAD /home/arashamf/soft/ARM_toolchains/gcc-arm-none-eabi-10.3-2021.10/bin/../lib/gcc/arm-none-eabi/10.3.1/../../../../arm-none-eabi/lib/thumb/v7-m/nofp/libc.a
LOAD /home/arashamf/soft/ARM_toolchains/gcc-arm-none-eabi-10.3-2021.10/bin/../lib/gcc/arm-none-eabi/10.3.1/../../../../arm-none-eabi/lib/thumb/v7-m/nofp/libm.a
LOAD /home/arashamf/soft/ARM_toolchains/gcc-arm-none-eabi-10.3-2021.10/bin/../lib/gcc/arm-none-eabi/10.3.1/thumb/v7-m/nofp/libgcc.a

.debug_info     0x0000000000000000     0x86b7
 .debug_info    0x0000000000000000     0x1435 build/main.o
 .debug_info    0x0000000000001435      0x5ce build/gpio.o
 .debug_info    0x0000000000001a03      0x5a6 build/spi.o
 .debug_info    0x0000000000001fa9      0x1e0 build/stm32f1xx_it.o
 .debug_info    0x0000000000002189      0x8f0 build/stm32f1xx_ll_gpio.o
 .debug_info    0x0000000000002a79      0x53d build/stm32f1xx_ll_spi.o
 .debug_info    0x0000000000002fb6      0xbbb build/stm32f1xx_ll_utils.o
 .debug_info    0x0000000000003b71      0x267 build/system_stm32f1xx.o
 .debug_info    0x0000000000003dd8      0x185 build/sysmem.o
 .debug_info    0x0000000000003f5d     0x20c6 build/OLED.o
 .debug_info    0x0000000000006023      0x306 build/OLED_Fonts.o
 .debug_info    0x0000000000006329     0x1044 build/tim.o
 .debug_info    0x000000000000736d     0x1328 build/stm32f1xx_ll_tim.o
 .debug_info    0x0000000000008695       0x22 build/startup_stm32f103xb.o

.debug_abbrev   0x0000000000000000     0x1ac5
 .debug_abbrev  0x0000000000000000      0x32b build/main.o
 .debug_abbrev  0x000000000000032b      0x1f2 build/gpio.o
 .debug_abbrev  0x000000000000051d      0x1bb build/spi.o
 .debug_abbrev  0x00000000000006d8       0x7f build/stm32f1xx_it.o
 .debug_abbrev  0x0000000000000757      0x26a build/stm32f1xx_ll_gpio.o
 .debug_abbrev  0x00000000000009c1      0x1ec build/stm32f1xx_ll_spi.o
 .debug_abbrev  0x0000000000000bad      0x311 build/stm32f1xx_ll_utils.o
 .debug_abbrev  0x0000000000000ebe      0x140 build/system_stm32f1xx.o
 .debug_abbrev  0x0000000000000ffe       0xea build/sysmem.o
 .debug_abbrev  0x00000000000010e8      0x38f build/OLED.o
 .debug_abbrev  0x0000000000001477      0x10d build/OLED_Fonts.o
 .debug_abbrev  0x0000000000001584      0x26f build/tim.o
 .debug_abbrev  0x00000000000017f3      0x2c0 build/stm32f1xx_ll_tim.o
 .debug_abbrev  0x0000000000001ab3       0x12 build/startup_stm32f103xb.o

.debug_loc      0x0000000000000000     0x4c27
 .debug_loc     0x0000000000000000      0x3f3 build/main.o
 .debug_loc     0x00000000000003f3      0x188 build/gpio.o
 .debug_loc     0x000000000000057b       0x81 build/spi.o
 .debug_loc     0x00000000000005fc      0x509 build/stm32f1xx_ll_gpio.o
 .debug_loc     0x0000000000000b05      0x254 build/stm32f1xx_ll_spi.o
 .debug_loc     0x0000000000000d59      0x6ed build/stm32f1xx_ll_utils.o
 .debug_loc     0x0000000000001446       0xff build/system_stm32f1xx.o
 .debug_loc     0x0000000000001545       0x84 build/sysmem.o
 .debug_loc     0x00000000000015c9     0x1f41 build/OLED.o
 .debug_loc     0x000000000000350a      0x427 build/tim.o
 .debug_loc     0x0000000000003931     0x12f6 build/stm32f1xx_ll_tim.o

.debug_aranges  0x0000000000000000      0x448
 .debug_aranges
                0x0000000000000000       0x38 build/main.o
 .debug_aranges
                0x0000000000000038       0x28 build/gpio.o
 .debug_aranges
                0x0000000000000060       0x20 build/spi.o
 .debug_aranges
                0x0000000000000080       0x60 build/stm32f1xx_it.o
 .debug_aranges
                0x00000000000000e0       0x30 build/stm32f1xx_ll_gpio.o
 .debug_aranges
                0x0000000000000110       0x30 build/stm32f1xx_ll_spi.o
 .debug_aranges
                0x0000000000000140       0x68 build/stm32f1xx_ll_utils.o
 .debug_aranges
                0x00000000000001a8       0x28 build/system_stm32f1xx.o
 .debug_aranges
                0x00000000000001d0       0x20 build/sysmem.o
 .debug_aranges
                0x00000000000001f0      0x110 build/OLED.o
 .debug_aranges
                0x0000000000000300       0x20 build/OLED_Fonts.o
 .debug_aranges
                0x0000000000000320       0x40 build/tim.o
 .debug_aranges
                0x0000000000000360       0xc0 build/stm32f1xx_ll_tim.o
 .debug_aranges
                0x0000000000000420       0x28 build/startup_stm32f103xb.o

.debug_ranges   0x0000000000000000      0x580
 .debug_ranges  0x0000000000000000       0x28 build/main.o
 .debug_ranges  0x0000000000000028       0x18 build/gpio.o
 .debug_ranges  0x0000000000000040       0x10 build/spi.o
 .debug_ranges  0x0000000000000050       0x50 build/stm32f1xx_it.o
 .debug_ranges  0x00000000000000a0       0x98 build/stm32f1xx_ll_gpio.o
 .debug_ranges  0x0000000000000138       0x38 build/stm32f1xx_ll_spi.o
 .debug_ranges  0x0000000000000170       0x58 build/stm32f1xx_ll_utils.o
 .debug_ranges  0x00000000000001c8       0x18 build/system_stm32f1xx.o
 .debug_ranges  0x00000000000001e0       0x10 build/sysmem.o
 .debug_ranges  0x00000000000001f0      0x220 build/OLED.o
 .debug_ranges  0x0000000000000410       0x10 build/OLED_Fonts.o
 .debug_ranges  0x0000000000000420       0x30 build/tim.o
 .debug_ranges  0x0000000000000450      0x110 build/stm32f1xx_ll_tim.o
 .debug_ranges  0x0000000000000560       0x20 build/startup_stm32f103xb.o

.debug_line     0x0000000000000000     0x4925
 .debug_line    0x0000000000000000      0x8ae build/main.o
 .debug_line    0x00000000000008ae      0x36e build/gpio.o
 .debug_line    0x0000000000000c1c      0x2cb build/spi.o
 .debug_line    0x0000000000000ee7      0x269 build/stm32f1xx_it.o
 .debug_line    0x0000000000001150      0x59f build/stm32f1xx_ll_gpio.o
 .debug_line    0x00000000000016ef      0x35d build/stm32f1xx_ll_spi.o
 .debug_line    0x0000000000001a4c      0x765 build/stm32f1xx_ll_utils.o
 .debug_line    0x00000000000021b1      0x248 build/system_stm32f1xx.o
 .debug_line    0x00000000000023f9      0x1ef build/sysmem.o
 .debug_line    0x00000000000025e8     0x1179 build/OLED.o
 .debug_line    0x0000000000003761      0x16f build/OLED_Fonts.o
 .debug_line    0x00000000000038d0      0x528 build/tim.o
 .debug_line    0x0000000000003df8      0xab9 build/stm32f1xx_ll_tim.o
 .debug_line    0x00000000000048b1       0x74 build/startup_stm32f103xb.o

.debug_str      0x0000000000000000     0x1c6a
 .debug_str     0x0000000000000000      0xa16 build/main.o
                                        0xa9f (size before relaxing)
 .debug_str     0x0000000000000a16       0x5c build/gpio.o
                                        0x304 (size before relaxing)
 .debug_str     0x0000000000000a72       0xe7 build/spi.o
                                        0x380 (size before relaxing)
 .debug_str     0x0000000000000b59       0xa8 build/stm32f1xx_it.o
                                        0x24f (size before relaxing)
 .debug_str     0x0000000000000c01      0x12a build/stm32f1xx_ll_gpio.o
                                        0x33b (size before relaxing)
 .debug_str     0x0000000000000d2b       0xaf build/stm32f1xx_ll_spi.o
                                        0x364 (size before relaxing)
 .debug_str     0x0000000000000dda      0x2b8 build/stm32f1xx_ll_utils.o
                                        0x60c (size before relaxing)
 .debug_str     0x0000000000001092       0x63 build/system_stm32f1xx.o
                                        0x21b (size before relaxing)
 .debug_str     0x00000000000010f5       0x7a build/sysmem.o
                                        0x1eb (size before relaxing)
 .debug_str     0x000000000000116f      0x3bb build/OLED.o
                                        0x67d (size before relaxing)
 .debug_str     0x000000000000152a       0x74 build/OLED_Fonts.o
                                        0x244 (size before relaxing)
 .debug_str     0x000000000000159e      0x1e3 build/tim.o
                                        0x87f (size before relaxing)
 .debug_str     0x0000000000001781      0x4c5 build/stm32f1xx_ll_tim.o
                                        0x832 (size before relaxing)
 .debug_str     0x0000000000001c46       0x24 build/startup_stm32f103xb.o
                                         0x46 (size before relaxing)

.comment        0x0000000000000000       0x49
 .comment       0x0000000000000000       0x49 build/main.o
                                         0x4a (size before relaxing)
 .comment       0x0000000000000049       0x4a build/gpio.o
 .comment       0x0000000000000049       0x4a build/spi.o
 .comment       0x0000000000000049       0x4a build/stm32f1xx_it.o
 .comment       0x0000000000000049       0x4a build/stm32f1xx_ll_gpio.o
 .comment       0x0000000000000049       0x4a build/stm32f1xx_ll_spi.o
 .comment       0x0000000000000049       0x4a build/stm32f1xx_ll_utils.o
 .comment       0x0000000000000049       0x4a build/system_stm32f1xx.o
 .comment       0x0000000000000049       0x4a build/sysmem.o
 .comment       0x0000000000000049       0x4a build/OLED.o
 .comment       0x0000000000000049       0x4a build/OLED_Fonts.o
 .comment       0x0000000000000049       0x4a build/tim.o
 .comment       0x0000000000000049       0x4a build/stm32f1xx_ll_tim.o

.debug_frame    0x0000000000000000      0xe88
 .debug_frame   0x0000000000000000       0x68 build/main.o
 .debug_frame   0x0000000000000068       0x4c build/gpio.o
 .debug_frame   0x00000000000000b4       0x30 build/spi.o
 .debug_frame   0x00000000000000e4       0xa0 build/stm32f1xx_it.o
 .debug_frame   0x0000000000000184       0x6c build/stm32f1xx_ll_gpio.o
 .debug_frame   0x00000000000001f0       0x50 build/stm32f1xx_ll_spi.o
 .debug_frame   0x0000000000000240       0xec build/stm32f1xx_ll_utils.o
 .debug_frame   0x000000000000032c       0x30 build/system_stm32f1xx.o
 .debug_frame   0x000000000000035c       0x28 build/sysmem.o
 .debug_frame   0x0000000000000384      0x3cc build/OLED.o
 .debug_frame   0x0000000000000750       0x20 build/OLED_Fonts.o
 .debug_frame   0x0000000000000770       0x88 build/tim.o
 .debug_frame   0x00000000000007f8      0x1f8 build/stm32f1xx_ll_tim.o
 .debug_frame   0x00000000000009f0       0x20 /home/arashamf/soft/ARM_toolchains/gcc-arm-none-eabi-10.3-2021.10/bin/../lib/gcc/arm-none-eabi/10.3.1/../../../../arm-none-eabi/lib/thumb/v7-m/nofp/libc_nano.a(lib_a-errno.o)
 .debug_frame   0x0000000000000a10       0x2c /home/arashamf/soft/ARM_toolchains/gcc-arm-none-eabi-10.3-2021.10/bin/../lib/gcc/arm-none-eabi/10.3.1/../../../../arm-none-eabi/lib/thumb/v7-m/nofp/libc_nano.a(lib_a-init.o)
 .debug_frame   0x0000000000000a3c       0x20 /home/arashamf/soft/ARM_toolchains/gcc-arm-none-eabi-10.3-2021.10/bin/../lib/gcc/arm-none-eabi/10.3.1/../../../../arm-none-eabi/lib/thumb/v7-m/nofp/libc_nano.a(lib_a-memset.o)
 .debug_frame   0x0000000000000a5c       0x7c /home/arashamf/soft/ARM_toolchains/gcc-arm-none-eabi-10.3-2021.10/bin/../lib/gcc/arm-none-eabi/10.3.1/../../../../arm-none-eabi/lib/thumb/v7-m/nofp/libc_nano.a(lib_a-snprintf.o)
 .debug_frame   0x0000000000000ad8       0x90 /home/arashamf/soft/ARM_toolchains/gcc-arm-none-eabi-10.3-2021.10/bin/../lib/gcc/arm-none-eabi/10.3.1/../../../../arm-none-eabi/lib/thumb/v7-m/nofp/libc_nano.a(lib_a-nano-svfprintf.o)
 .debug_frame   0x0000000000000b68       0x60 /home/arashamf/soft/ARM_toolchains/gcc-arm-none-eabi-10.3-2021.10/bin/../lib/gcc/arm-none-eabi/10.3.1/../../../../arm-none-eabi/lib/thumb/v7-m/nofp/libc_nano.a(lib_a-nano-vfprintf_i.o)
 .debug_frame   0x0000000000000bc8       0x28 /home/arashamf/soft/ARM_toolchains/gcc-arm-none-eabi-10.3-2021.10/bin/../lib/gcc/arm-none-eabi/10.3.1/../../../../arm-none-eabi/lib/thumb/v7-m/nofp/libc_nano.a(lib_a-memchr-stub.o)
 .debug_frame   0x0000000000000bf0       0x28 /home/arashamf/soft/ARM_toolchains/gcc-arm-none-eabi-10.3-2021.10/bin/../lib/gcc/arm-none-eabi/10.3.1/../../../../arm-none-eabi/lib/thumb/v7-m/nofp/libc_nano.a(lib_a-memcpy-stub.o)
 .debug_frame   0x0000000000000c18       0x28 /home/arashamf/soft/ARM_toolchains/gcc-arm-none-eabi-10.3-2021.10/bin/../lib/gcc/arm-none-eabi/10.3.1/../../../../arm-none-eabi/lib/thumb/v7-m/nofp/libc_nano.a(lib_a-memmove.o)
 .debug_frame   0x0000000000000c40       0x38 /home/arashamf/soft/ARM_toolchains/gcc-arm-none-eabi-10.3-2021.10/bin/../lib/gcc/arm-none-eabi/10.3.1/../../../../arm-none-eabi/lib/thumb/v7-m/nofp/libc_nano.a(lib_a-nano-freer.o)
 .debug_frame   0x0000000000000c78       0x4c /home/arashamf/soft/ARM_toolchains/gcc-arm-none-eabi-10.3-2021.10/bin/../lib/gcc/arm-none-eabi/10.3.1/../../../../arm-none-eabi/lib/thumb/v7-m/nofp/libc_nano.a(lib_a-nano-mallocr.o)
 .debug_frame   0x0000000000000cc4       0x3c /home/arashamf/soft/ARM_toolchains/gcc-arm-none-eabi-10.3-2021.10/bin/../lib/gcc/arm-none-eabi/10.3.1/../../../../arm-none-eabi/lib/thumb/v7-m/nofp/libc_nano.a(lib_a-nano-reallocr.o)
 .debug_frame   0x0000000000000d00       0x2c /home/arashamf/soft/ARM_toolchains/gcc-arm-none-eabi-10.3-2021.10/bin/../lib/gcc/arm-none-eabi/10.3.1/../../../../arm-none-eabi/lib/thumb/v7-m/nofp/libc_nano.a(lib_a-sbrkr.o)
 .debug_frame   0x0000000000000d2c       0x30 /home/arashamf/soft/ARM_toolchains/gcc-arm-none-eabi-10.3-2021.10/bin/../lib/gcc/arm-none-eabi/10.3.1/../../../../arm-none-eabi/lib/thumb/v7-m/nofp/libc_nano.a(lib_a-mlock.o)
 .debug_frame   0x0000000000000d5c       0x20 /home/arashamf/soft/ARM_toolchains/gcc-arm-none-eabi-10.3-2021.10/bin/../lib/gcc/arm-none-eabi/10.3.1/../../../../arm-none-eabi/lib/thumb/v7-m/nofp/libc_nano.a(lib_a-nano-msizer.o)
 .debug_frame   0x0000000000000d7c       0x5c /home/arashamf/soft/ARM_toolchains/gcc-arm-none-eabi-10.3-2021.10/bin/../lib/gcc/arm-none-eabi/10.3.1/../../../../arm-none-eabi/lib/thumb/v7-m/nofp/libc_nano.a(lib_a-reent.o)
 .debug_frame   0x0000000000000dd8       0xb0 /home/arashamf/soft/ARM_toolchains/gcc-arm-none-eabi-10.3-2021.10/bin/../lib/gcc/arm-none-eabi/10.3.1/../../../../arm-none-eabi/lib/thumb/v7-m/nofp/libc_nano.a(lib_a-lock.o)

Cross Reference Table

Symbol                                            File
ADC1_2_IRQHandler                                 build/startup_stm32f103xb.o
AHBPrescTable                                     build/system_stm32f1xx.o
                                                  build/stm32f1xx_ll_utils.o
                                                  build/stm32f1xx_ll_rcc.o
APBPrescTable                                     build/system_stm32f1xx.o
                                                  build/stm32f1xx_ll_rcc.o
Arial_Rus_7                                       build/OLED_Fonts.o
BigNumbers                                        build/OLED_Fonts.o
BusFault_Handler                                  build/stm32f1xx_it.o
CAN1_RX1_IRQHandler                               build/startup_stm32f103xb.o
CAN1_SCE_IRQHandler                               build/startup_stm32f103xb.o
DMA1_Channel1_IRQHandler                          build/startup_stm32f103xb.o
DMA1_Channel2_IRQHandler                          build/startup_stm32f103xb.o
DMA1_Channel3_IRQHandler                          build/startup_stm32f103xb.o
DMA1_Channel4_IRQHandler                          build/startup_stm32f103xb.o
DMA1_Channel5_IRQHandler                          build/startup_stm32f103xb.o
DMA1_Channel6_IRQHandler                          build/startup_stm32f103xb.o
DMA1_Channel7_IRQHandler                          build/startup_stm32f103xb.o
DebugMon_Handler                                  build/stm32f1xx_it.o
Default_Handler                                   build/startup_stm32f103xb.o
EXTI0_IRQHandler                                  build/startup_stm32f103xb.o
EXTI15_10_IRQHandler                              build/startup_stm32f103xb.o
EXTI1_IRQHandler                                  build/startup_stm32f103xb.o
EXTI2_IRQHandler                                  build/startup_stm32f103xb.o
EXTI3_IRQHandler                                  build/startup_stm32f103xb.o
EXTI4_IRQHandler                                  build/startup_stm32f103xb.o
EXTI9_5_IRQHandler                                build/startup_stm32f103xb.o
Error_Handler                                     build/main.o
FLASH_IRQHandler                                  build/startup_stm32f103xb.o
Font                                              build/OLED_Fonts.o
                                                  build/OLED.o
FontSet                                           build/OLED_Fonts.o
                                                  build/main.o
HardFault_Handler                                 build/stm32f1xx_it.o
I2C1_ER_IRQHandler                                build/startup_stm32f103xb.o
I2C1_EV_IRQHandler                                build/startup_stm32f103xb.o
I2C2_ER_IRQHandler                                build/startup_stm32f103xb.o
I2C2_EV_IRQHandler                                build/startup_stm32f103xb.o
LL_DMA_DeInit                                     build/stm32f1xx_ll_dma.o
LL_DMA_Init                                       build/stm32f1xx_ll_dma.o
LL_DMA_StructInit                                 build/stm32f1xx_ll_dma.o
LL_EXTI_DeInit                                    build/stm32f1xx_ll_exti.o
LL_EXTI_Init                                      build/stm32f1xx_ll_exti.o
LL_EXTI_StructInit                                build/stm32f1xx_ll_exti.o
LL_GPIO_DeInit                                    build/stm32f1xx_ll_gpio.o
LL_GPIO_Init                                      build/stm32f1xx_ll_gpio.o
                                                  build/spi.o
                                                  build/gpio.o
LL_GPIO_StructInit                                build/stm32f1xx_ll_gpio.o
LL_Init1msTick                                    build/stm32f1xx_ll_utils.o
                                                  build/main.o
LL_PLL_ConfigSystemClock_HSE                      build/stm32f1xx_ll_utils.o
LL_PLL_ConfigSystemClock_HSI                      build/stm32f1xx_ll_utils.o
LL_PWR_DeInit                                     build/stm32f1xx_ll_pwr.o
LL_RCC_DeInit                                     build/stm32f1xx_ll_rcc.o
LL_RCC_GetADCClockFreq                            build/stm32f1xx_ll_rcc.o
LL_RCC_GetSystemClocksFreq                        build/stm32f1xx_ll_rcc.o
LL_RCC_GetUSBClockFreq                            build/stm32f1xx_ll_rcc.o
LL_SPI_DeInit                                     build/stm32f1xx_ll_spi.o
LL_SPI_Init                                       build/stm32f1xx_ll_spi.o
                                                  build/spi.o
LL_SPI_StructInit                                 build/stm32f1xx_ll_spi.o
LL_SetFlashLatency                                build/stm32f1xx_ll_utils.o
LL_SetSystemCoreClock                             build/stm32f1xx_ll_utils.o
                                                  build/main.o
LL_TIM_BDTR_Init                                  build/stm32f1xx_ll_tim.o
LL_TIM_BDTR_StructInit                            build/stm32f1xx_ll_tim.o
LL_TIM_DeInit                                     build/stm32f1xx_ll_tim.o
LL_TIM_ENCODER_Init                               build/stm32f1xx_ll_tim.o
LL_TIM_ENCODER_StructInit                         build/stm32f1xx_ll_tim.o
LL_TIM_HALLSENSOR_Init                            build/stm32f1xx_ll_tim.o
LL_TIM_HALLSENSOR_StructInit                      build/stm32f1xx_ll_tim.o
LL_TIM_IC_Init                                    build/stm32f1xx_ll_tim.o
LL_TIM_IC_StructInit                              build/stm32f1xx_ll_tim.o
LL_TIM_Init                                       build/stm32f1xx_ll_tim.o
                                                  build/tim.o
LL_TIM_OC_Init                                    build/stm32f1xx_ll_tim.o
LL_TIM_OC_StructInit                              build/stm32f1xx_ll_tim.o
LL_TIM_StructInit                                 build/stm32f1xx_ll_tim.o
LL_mDelay                                         build/stm32f1xx_ll_utils.o
MX_GPIO_Init                                      build/gpio.o
                                                  build/main.o
MX_SPI1_Init                                      build/spi.o
                                                  build/main.o
MX_TIM4_Init                                      build/tim.o
                                                  build/main.o
MemManage_Handler                                 build/stm32f1xx_it.o
NMI_Handler                                       build/stm32f1xx_it.o
OLED_Clear                                        build/OLED.o
                                                  build/main.o
OLED_ClearBuffer                                  build/OLED.o
OLED_DrawBitmap                                   build/OLED.o
OLED_DrawBuffer                                   build/OLED.o
OLED_DrawChar                                     build/OLED.o
OLED_DrawCharSetMode                              build/OLED.o
OLED_DrawCircle                                   build/OLED.o
OLED_DrawCircleFill                               build/OLED.o
OLED_DrawHLine                                    build/OLED.o
OLED_DrawLine                                     build/OLED.o
OLED_DrawNum                                      build/OLED.o
OLED_DrawNumSetMode                               build/OLED.o
OLED_DrawPixel                                    build/OLED.o
OLED_DrawPixelStatus                              build/OLED.o
OLED_DrawRectangle                                build/OLED.o
OLED_DrawRectangleFill                            build/OLED.o
OLED_DrawStr                                      build/OLED.o
                                                  build/main.o
OLED_DrawStrSetMode                               build/OLED.o
OLED_DrawTriangle                                 build/OLED.o
OLED_DrawTriangleFill                             build/OLED.o
OLED_DrawVLine                                    build/OLED.o
OLED_DrawXBM                                      build/OLED.o
OLED_GetWidthNum                                  build/OLED.o
OLED_GetWidthStr                                  build/OLED.o
OLED_Invert                                       build/OLED.o
OLED_SendCommand                                  build/OLED.o
OLED_SendData                                     build/OLED.o
OLED_SetContrast                                  build/OLED.o
OLED_UpdateOnePage                                build/OLED.o
OLED_UpdateScreen                                 build/OLED.o
                                                  build/main.o
OLED_init                                         build/OLED.o
                                                  build/main.o
PVD_IRQHandler                                    build/startup_stm32f103xb.o
PendSV_Handler                                    build/stm32f1xx_it.o
RCC_GetHCLKClockFreq                              build/stm32f1xx_ll_rcc.o
RCC_GetPCLK1ClockFreq                             build/stm32f1xx_ll_rcc.o
RCC_GetPCLK2ClockFreq                             build/stm32f1xx_ll_rcc.o
RCC_GetSystemClockFreq                            build/stm32f1xx_ll_rcc.o
RCC_IRQHandler                                    build/startup_stm32f103xb.o
RCC_PLL_GetFreqDomain_SYS                         build/stm32f1xx_ll_rcc.o
RTC_Alarm_IRQHandler                              build/startup_stm32f103xb.o
RTC_IRQHandler                                    build/startup_stm32f103xb.o
Reset_Handler                                     build/startup_stm32f103xb.o
SPI1_IRQHandler                                   build/startup_stm32f103xb.o
SPI2_IRQHandler                                   build/startup_stm32f103xb.o
SVC_Handler                                       build/stm32f1xx_it.o
Segoe_UI_Eng_10                                   build/OLED_Fonts.o
Segoe_UI_Eng_12                                   build/OLED_Fonts.o
                                                  build/main.o
Segoe_UI_Rus_10                                   build/OLED_Fonts.o
Segoe_UI_Rus_12                                   build/OLED_Fonts.o
Segoe_UI_Rus_8                                    build/OLED_Fonts.o
SysTick_Handler                                   build/stm32f1xx_it.o
SystemClock_Config                                build/main.o
SystemCoreClock                                   build/system_stm32f1xx.o
                                                  build/stm32f1xx_ll_utils.o
SystemCoreClockUpdate                             build/system_stm32f1xx.o
SystemInit                                        build/system_stm32f1xx.o
                                                  build/startup_stm32f103xb.o
TAMPER_IRQHandler                                 build/startup_stm32f103xb.o
TIM1_BRK_IRQHandler                               build/startup_stm32f103xb.o
TIM1_CC_IRQHandler                                build/startup_stm32f103xb.o
TIM1_TRG_COM_IRQHandler                           build/startup_stm32f103xb.o
TIM1_UP_IRQHandler                                build/startup_stm32f103xb.o
TIM2_IRQHandler                                   build/startup_stm32f103xb.o
TIM3_IRQHandler                                   build/tim.o
TIM4_IRQHandler                                   build/startup_stm32f103xb.o
TIM_DELAY_MS_Callback                             build/main.o
                                                  build/tim.o
TIM_MS_DELAY_Init                                 build/tim.o
                                                  build/main.o
USART1_IRQHandler                                 build/startup_stm32f103xb.o
USART2_IRQHandler                                 build/startup_stm32f103xb.o
USART3_IRQHandler                                 build/startup_stm32f103xb.o
USBWakeUp_IRQHandler                              build/startup_stm32f103xb.o
USB_HP_CAN1_TX_IRQHandler                         build/startup_stm32f103xb.o
USB_LP_CAN1_RX0_IRQHandler                        build/startup_stm32f103xb.o
UsageFault_Handler                                build/stm32f1xx_it.o
WWDG_IRQHandler                                   build/startup_stm32f103xb.o
_Min_Stack_Size                                   build/sysmem.o
__bss_end__                                       /home/arashamf/soft/ARM_toolchains/gcc-arm-none-eabi-10.3-2021.10/bin/../lib/gcc/arm-none-eabi/10.3.1/../../../../arm-none-eabi/lib/thumb/v7-m/nofp/crt0.o
__bss_start__                                     /home/arashamf/soft/ARM_toolchains/gcc-arm-none-eabi-10.3-2021.10/bin/../lib/gcc/arm-none-eabi/10.3.1/../../../../arm-none-eabi/lib/thumb/v7-m/nofp/crt0.o
__call_exitprocs                                  /home/arashamf/soft/ARM_toolchains/gcc-arm-none-eabi-10.3-2021.10/bin/../lib/gcc/arm-none-eabi/10.3.1/../../../../arm-none-eabi/lib/thumb/v7-m/nofp/libc_nano.a(lib_a-exit.o)
__deregister_frame_info                           /home/arashamf/soft/ARM_toolchains/gcc-arm-none-eabi-10.3-2021.10/bin/../lib/gcc/arm-none-eabi/10.3.1/thumb/v7-m/nofp/crtbegin.o
__dso_handle                                      /home/arashamf/soft/ARM_toolchains/gcc-arm-none-eabi-10.3-2021.10/bin/../lib/gcc/arm-none-eabi/10.3.1/thumb/v7-m/nofp/crtbegin.o
__env                                             build/syscalls.o
__errno                                           /home/arashamf/soft/ARM_toolchains/gcc-arm-none-eabi-10.3-2021.10/bin/../lib/gcc/arm-none-eabi/10.3.1/../../../../arm-none-eabi/lib/thumb/v7-m/nofp/libc_nano.a(lib_a-errno.o)
                                                  build/syscalls.o
                                                  build/sysmem.o
__init_array_end                                  /home/arashamf/soft/ARM_toolchains/gcc-arm-none-eabi-10.3-2021.10/bin/../lib/gcc/arm-none-eabi/10.3.1/../../../../arm-none-eabi/lib/thumb/v7-m/nofp/libc_nano.a(lib_a-init.o)
__init_array_start                                /home/arashamf/soft/ARM_toolchains/gcc-arm-none-eabi-10.3-2021.10/bin/../lib/gcc/arm-none-eabi/10.3.1/../../../../arm-none-eabi/lib/thumb/v7-m/nofp/libc_nano.a(lib_a-init.o)
__io_getchar                                      build/syscalls.o
__io_putchar                                      build/syscalls.o
__libc_fini_array                                 /home/arashamf/soft/ARM_toolchains/gcc-arm-none-eabi-10.3-2021.10/bin/../lib/gcc/arm-none-eabi/10.3.1/../../../../arm-none-eabi/lib/thumb/v7-m/nofp/crt0.o
__libc_init_array                                 /home/arashamf/soft/ARM_toolchains/gcc-arm-none-eabi-10.3-2021.10/bin/../lib/gcc/arm-none-eabi/10.3.1/../../../../arm-none-eabi/lib/thumb/v7-m/nofp/libc_nano.a(lib_a-init.o)
                                                  build/startup_stm32f103xb.o
                                                  /home/arashamf/soft/ARM_toolchains/gcc-arm-none-eabi-10.3-2021.10/bin/../lib/gcc/arm-none-eabi/10.3.1/../../../../arm-none-eabi/lib/thumb/v7-m/nofp/crt0.o
__lock___arc4random_mutex                         /home/arashamf/soft/ARM_toolchains/gcc-arm-none-eabi-10.3-2021.10/bin/../lib/gcc/arm-none-eabi/10.3.1/../../../../arm-none-eabi/lib/thumb/v7-m/nofp/libc_nano.a(lib_a-lock.o)
__lock___at_quick_exit_mutex                      /home/arashamf/soft/ARM_toolchains/gcc-arm-none-eabi-10.3-2021.10/bin/../lib/gcc/arm-none-eabi/10.3.1/../../../../arm-none-eabi/lib/thumb/v7-m/nofp/libc_nano.a(lib_a-lock.o)
__lock___atexit_recursive_mutex                   /home/arashamf/soft/ARM_toolchains/gcc-arm-none-eabi-10.3-2021.10/bin/../lib/gcc/arm-none-eabi/10.3.1/../../../../arm-none-eabi/lib/thumb/v7-m/nofp/libc_nano.a(lib_a-lock.o)
__lock___dd_hash_mutex                            /home/arashamf/soft/ARM_toolchains/gcc-arm-none-eabi-10.3-2021.10/bin/../lib/gcc/arm-none-eabi/10.3.1/../../../../arm-none-eabi/lib/thumb/v7-m/nofp/libc_nano.a(lib_a-lock.o)
__lock___env_recursive_mutex                      /home/arashamf/soft/ARM_toolchains/gcc-arm-none-eabi-10.3-2021.10/bin/../lib/gcc/arm-none-eabi/10.3.1/../../../../arm-none-eabi/lib/thumb/v7-m/nofp/libc_nano.a(lib_a-lock.o)
__lock___malloc_recursive_mutex                   /home/arashamf/soft/ARM_toolchains/gcc-arm-none-eabi-10.3-2021.10/bin/../lib/gcc/arm-none-eabi/10.3.1/../../../../arm-none-eabi/lib/thumb/v7-m/nofp/libc_nano.a(lib_a-lock.o)
                                                  /home/arashamf/soft/ARM_toolchains/gcc-arm-none-eabi-10.3-2021.10/bin/../lib/gcc/arm-none-eabi/10.3.1/../../../../arm-none-eabi/lib/thumb/v7-m/nofp/libc_nano.a(lib_a-mlock.o)
__lock___sfp_recursive_mutex                      /home/arashamf/soft/ARM_toolchains/gcc-arm-none-eabi-10.3-2021.10/bin/../lib/gcc/arm-none-eabi/10.3.1/../../../../arm-none-eabi/lib/thumb/v7-m/nofp/libc_nano.a(lib_a-lock.o)
__lock___sinit_recursive_mutex                    /home/arashamf/soft/ARM_toolchains/gcc-arm-none-eabi-10.3-2021.10/bin/../lib/gcc/arm-none-eabi/10.3.1/../../../../arm-none-eabi/lib/thumb/v7-m/nofp/libc_nano.a(lib_a-lock.o)
__lock___tz_mutex                                 /home/arashamf/soft/ARM_toolchains/gcc-arm-none-eabi-10.3-2021.10/bin/../lib/gcc/arm-none-eabi/10.3.1/../../../../arm-none-eabi/lib/thumb/v7-m/nofp/libc_nano.a(lib_a-lock.o)
__malloc_free_list                                /home/arashamf/soft/ARM_toolchains/gcc-arm-none-eabi-10.3-2021.10/bin/../lib/gcc/arm-none-eabi/10.3.1/../../../../arm-none-eabi/lib/thumb/v7-m/nofp/libc_nano.a(lib_a-nano-mallocr.o)
                                                  /home/arashamf/soft/ARM_toolchains/gcc-arm-none-eabi-10.3-2021.10/bin/../lib/gcc/arm-none-eabi/10.3.1/../../../../arm-none-eabi/lib/thumb/v7-m/nofp/libc_nano.a(lib_a-nano-freer.o)
__malloc_lock                                     /home/arashamf/soft/ARM_toolchains/gcc-arm-none-eabi-10.3-2021.10/bin/../lib/gcc/arm-none-eabi/10.3.1/../../../../arm-none-eabi/lib/thumb/v7-m/nofp/libc_nano.a(lib_a-mlock.o)
                                                  /home/arashamf/soft/ARM_toolchains/gcc-arm-none-eabi-10.3-2021.10/bin/../lib/gcc/arm-none-eabi/10.3.1/../../../../arm-none-eabi/lib/thumb/v7-m/nofp/libc_nano.a(lib_a-nano-mallocr.o)
                                                  /home/arashamf/soft/ARM_toolchains/gcc-arm-none-eabi-10.3-2021.10/bin/../lib/gcc/arm-none-eabi/10.3.1/../../../../arm-none-eabi/lib/thumb/v7-m/nofp/libc_nano.a(lib_a-nano-freer.o)
__malloc_sbrk_start                               /home/arashamf/soft/ARM_toolchains/gcc-arm-none-eabi-10.3-2021.10/bin/../lib/gcc/arm-none-eabi/10.3.1/../../../../arm-none-eabi/lib/thumb/v7-m/nofp/libc_nano.a(lib_a-nano-mallocr.o)
__malloc_unlock                                   /home/arashamf/soft/ARM_toolchains/gcc-arm-none-eabi-10.3-2021.10/bin/../lib/gcc/arm-none-eabi/10.3.1/../../../../arm-none-eabi/lib/thumb/v7-m/nofp/libc_nano.a(lib_a-mlock.o)
                                                  /home/arashamf/soft/ARM_toolchains/gcc-arm-none-eabi-10.3-2021.10/bin/../lib/gcc/arm-none-eabi/10.3.1/../../../../arm-none-eabi/lib/thumb/v7-m/nofp/libc_nano.a(lib_a-nano-mallocr.o)
                                                  /home/arashamf/soft/ARM_toolchains/gcc-arm-none-eabi-10.3-2021.10/bin/../lib/gcc/arm-none-eabi/10.3.1/../../../../arm-none-eabi/lib/thumb/v7-m/nofp/libc_nano.a(lib_a-nano-freer.o)
__preinit_array_end                               /home/arashamf/soft/ARM_toolchains/gcc-arm-none-eabi-10.3-2021.10/bin/../lib/gcc/arm-none-eabi/10.3.1/../../../../arm-none-eabi/lib/thumb/v7-m/nofp/libc_nano.a(lib_a-init.o)
__preinit_array_start                             /home/arashamf/soft/ARM_toolchains/gcc-arm-none-eabi-10.3-2021.10/bin/../lib/gcc/arm-none-eabi/10.3.1/../../../../arm-none-eabi/lib/thumb/v7-m/nofp/libc_nano.a(lib_a-init.o)
__register_frame_info                             /home/arashamf/soft/ARM_toolchains/gcc-arm-none-eabi-10.3-2021.10/bin/../lib/gcc/arm-none-eabi/10.3.1/thumb/v7-m/nofp/crtbegin.o
__retarget_lock_acquire                           /home/arashamf/soft/ARM_toolchains/gcc-arm-none-eabi-10.3-2021.10/bin/../lib/gcc/arm-none-eabi/10.3.1/../../../../arm-none-eabi/lib/thumb/v7-m/nofp/libc_nano.a(lib_a-lock.o)
__retarget_lock_acquire_recursive                 /home/arashamf/soft/ARM_toolchains/gcc-arm-none-eabi-10.3-2021.10/bin/../lib/gcc/arm-none-eabi/10.3.1/../../../../arm-none-eabi/lib/thumb/v7-m/nofp/libc_nano.a(lib_a-lock.o)
                                                  /home/arashamf/soft/ARM_toolchains/gcc-arm-none-eabi-10.3-2021.10/bin/../lib/gcc/arm-none-eabi/10.3.1/../../../../arm-none-eabi/lib/thumb/v7-m/nofp/libc_nano.a(lib_a-mlock.o)
__retarget_lock_close                             /home/arashamf/soft/ARM_toolchains/gcc-arm-none-eabi-10.3-2021.10/bin/../lib/gcc/arm-none-eabi/10.3.1/../../../../arm-none-eabi/lib/thumb/v7-m/nofp/libc_nano.a(lib_a-lock.o)
__retarget_lock_close_recursive                   /home/arashamf/soft/ARM_toolchains/gcc-arm-none-eabi-10.3-2021.10/bin/../lib/gcc/arm-none-eabi/10.3.1/../../../../arm-none-eabi/lib/thumb/v7-m/nofp/libc_nano.a(lib_a-lock.o)
__retarget_lock_init                              /home/arashamf/soft/ARM_toolchains/gcc-arm-none-eabi-10.3-2021.10/bin/../lib/gcc/arm-none-eabi/10.3.1/../../../../arm-none-eabi/lib/thumb/v7-m/nofp/libc_nano.a(lib_a-lock.o)
__retarget_lock_init_recursive                    /home/arashamf/soft/ARM_toolchains/gcc-arm-none-eabi-10.3-2021.10/bin/../lib/gcc/arm-none-eabi/10.3.1/../../../../arm-none-eabi/lib/thumb/v7-m/nofp/libc_nano.a(lib_a-lock.o)
__retarget_lock_release                           /home/arashamf/soft/ARM_toolchains/gcc-arm-none-eabi-10.3-2021.10/bin/../lib/gcc/arm-none-eabi/10.3.1/../../../../arm-none-eabi/lib/thumb/v7-m/nofp/libc_nano.a(lib_a-lock.o)
__retarget_lock_release_recursive                 /home/arashamf/soft/ARM_toolchains/gcc-arm-none-eabi-10.3-2021.10/bin/../lib/gcc/arm-none-eabi/10.3.1/../../../../arm-none-eabi/lib/thumb/v7-m/nofp/libc_nano.a(lib_a-lock.o)
                                                  /home/arashamf/soft/ARM_toolchains/gcc-arm-none-eabi-10.3-2021.10/bin/../lib/gcc/arm-none-eabi/10.3.1/../../../../arm-none-eabi/lib/thumb/v7-m/nofp/libc_nano.a(lib_a-mlock.o)
__retarget_lock_try_acquire                       /home/arashamf/soft/ARM_toolchains/gcc-arm-none-eabi-10.3-2021.10/bin/../lib/gcc/arm-none-eabi/10.3.1/../../../../arm-none-eabi/lib/thumb/v7-m/nofp/libc_nano.a(lib_a-lock.o)
__retarget_lock_try_acquire_recursive             /home/arashamf/soft/ARM_toolchains/gcc-arm-none-eabi-10.3-2021.10/bin/../lib/gcc/arm-none-eabi/10.3.1/../../../../arm-none-eabi/lib/thumb/v7-m/nofp/libc_nano.a(lib_a-lock.o)
__sf_fake_stderr                                  /home/arashamf/soft/ARM_toolchains/gcc-arm-none-eabi-10.3-2021.10/bin/../lib/gcc/arm-none-eabi/10.3.1/../../../../arm-none-eabi/lib/thumb/v7-m/nofp/libc_nano.a(lib_a-impure.o)
__sf_fake_stdin                                   /home/arashamf/soft/ARM_toolchains/gcc-arm-none-eabi-10.3-2021.10/bin/../lib/gcc/arm-none-eabi/10.3.1/../../../../arm-none-eabi/lib/thumb/v7-m/nofp/libc_nano.a(lib_a-impure.o)
__sf_fake_stdout                                  /home/arashamf/soft/ARM_toolchains/gcc-arm-none-eabi-10.3-2021.10/bin/../lib/gcc/arm-none-eabi/10.3.1/../../../../arm-none-eabi/lib/thumb/v7-m/nofp/libc_nano.a(lib_a-impure.o)
__ssprint_r                                       /home/arashamf/soft/ARM_toolchains/gcc-arm-none-eabi-10.3-2021.10/bin/../lib/gcc/arm-none-eabi/10.3.1/../../../../arm-none-eabi/lib/thumb/v7-m/nofp/libc_nano.a(lib_a-nano-svfprintf.o)
__ssputs_r                                        /home/arashamf/soft/ARM_toolchains/gcc-arm-none-eabi-10.3-2021.10/bin/../lib/gcc/arm-none-eabi/10.3.1/../../../../arm-none-eabi/lib/thumb/v7-m/nofp/libc_nano.a(lib_a-nano-svfprintf.o)
__stack                                           /home/arashamf/soft/ARM_toolchains/gcc-arm-none-eabi-10.3-2021.10/bin/../lib/gcc/arm-none-eabi/10.3.1/../../../../arm-none-eabi/lib/thumb/v7-m/nofp/crt0.o
_close                                            build/syscalls.o
_ebss                                             build/startup_stm32f103xb.o
_edata                                            build/startup_stm32f103xb.o
_end                                              build/sysmem.o
_estack                                           build/startup_stm32f103xb.o
                                                  build/sysmem.o
_execve                                           build/syscalls.o
_exit                                             build/syscalls.o
                                                  /home/arashamf/soft/ARM_toolchains/gcc-arm-none-eabi-10.3-2021.10/bin/../lib/gcc/arm-none-eabi/10.3.1/../../../../arm-none-eabi/lib/thumb/v7-m/nofp/libc_nano.a(lib_a-exit.o)
_fini                                             /home/arashamf/soft/ARM_toolchains/gcc-arm-none-eabi-10.3-2021.10/bin/../lib/gcc/arm-none-eabi/10.3.1/thumb/v7-m/nofp/crti.o
_fork                                             build/syscalls.o
_free_r                                           /home/arashamf/soft/ARM_toolchains/gcc-arm-none-eabi-10.3-2021.10/bin/../lib/gcc/arm-none-eabi/10.3.1/../../../../arm-none-eabi/lib/thumb/v7-m/nofp/libc_nano.a(lib_a-nano-freer.o)
                                                  /home/arashamf/soft/ARM_toolchains/gcc-arm-none-eabi-10.3-2021.10/bin/../lib/gcc/arm-none-eabi/10.3.1/../../../../arm-none-eabi/lib/thumb/v7-m/nofp/libc_nano.a(lib_a-reent.o)
                                                  /home/arashamf/soft/ARM_toolchains/gcc-arm-none-eabi-10.3-2021.10/bin/../lib/gcc/arm-none-eabi/10.3.1/../../../../arm-none-eabi/lib/thumb/v7-m/nofp/libc_nano.a(lib_a-nano-reallocr.o)
                                                  /home/arashamf/soft/ARM_toolchains/gcc-arm-none-eabi-10.3-2021.10/bin/../lib/gcc/arm-none-eabi/10.3.1/../../../../arm-none-eabi/lib/thumb/v7-m/nofp/libc_nano.a(lib_a-nano-svfprintf.o)
_fstat                                            build/syscalls.o
_getpid                                           build/syscalls.o
_global_impure_ptr                                /home/arashamf/soft/ARM_toolchains/gcc-arm-none-eabi-10.3-2021.10/bin/../lib/gcc/arm-none-eabi/10.3.1/../../../../arm-none-eabi/lib/thumb/v7-m/nofp/libc_nano.a(lib_a-impure.o)
                                                  /home/arashamf/soft/ARM_toolchains/gcc-arm-none-eabi-10.3-2021.10/bin/../lib/gcc/arm-none-eabi/10.3.1/../../../../arm-none-eabi/lib/thumb/v7-m/nofp/libc_nano.a(lib_a-exit.o)
_impure_ptr                                       /home/arashamf/soft/ARM_toolchains/gcc-arm-none-eabi-10.3-2021.10/bin/../lib/gcc/arm-none-eabi/10.3.1/../../../../arm-none-eabi/lib/thumb/v7-m/nofp/libc_nano.a(lib_a-impure.o)
                                                  /home/arashamf/soft/ARM_toolchains/gcc-arm-none-eabi-10.3-2021.10/bin/../lib/gcc/arm-none-eabi/10.3.1/../../../../arm-none-eabi/lib/thumb/v7-m/nofp/libc_nano.a(lib_a-reent.o)
                                                  /home/arashamf/soft/ARM_toolchains/gcc-arm-none-eabi-10.3-2021.10/bin/../lib/gcc/arm-none-eabi/10.3.1/../../../../arm-none-eabi/lib/thumb/v7-m/nofp/libc_nano.a(lib_a-sprintf.o)
                                                  /home/arashamf/soft/ARM_toolchains/gcc-arm-none-eabi-10.3-2021.10/bin/../lib/gcc/arm-none-eabi/10.3.1/../../../../arm-none-eabi/lib/thumb/v7-m/nofp/libc_nano.a(lib_a-snprintf.o)
                                                  /home/arashamf/soft/ARM_toolchains/gcc-arm-none-eabi-10.3-2021.10/bin/../lib/gcc/arm-none-eabi/10.3.1/../../../../arm-none-eabi/lib/thumb/v7-m/nofp/libc_nano.a(lib_a-errno.o)
_init                                             /home/arashamf/soft/ARM_toolchains/gcc-arm-none-eabi-10.3-2021.10/bin/../lib/gcc/arm-none-eabi/10.3.1/thumb/v7-m/nofp/crti.o
                                                  /home/arashamf/soft/ARM_toolchains/gcc-arm-none-eabi-10.3-2021.10/bin/../lib/gcc/arm-none-eabi/10.3.1/../../../../arm-none-eabi/lib/thumb/v7-m/nofp/libc_nano.a(lib_a-init.o)
_isatty                                           build/syscalls.o
_kill                                             build/syscalls.o
_link                                             build/syscalls.o
_lseek                                            build/syscalls.o
_mainCRTStartup                                   /home/arashamf/soft/ARM_toolchains/gcc-arm-none-eabi-10.3-2021.10/bin/../lib/gcc/arm-none-eabi/10.3.1/../../../../arm-none-eabi/lib/thumb/v7-m/nofp/crt0.o
_malloc_r                                         /home/arashamf/soft/ARM_toolchains/gcc-arm-none-eabi-10.3-2021.10/bin/../lib/gcc/arm-none-eabi/10.3.1/../../../../arm-none-eabi/lib/thumb/v7-m/nofp/libc_nano.a(lib_a-nano-mallocr.o)
                                                  /home/arashamf/soft/ARM_toolchains/gcc-arm-none-eabi-10.3-2021.10/bin/../lib/gcc/arm-none-eabi/10.3.1/../../../../arm-none-eabi/lib/thumb/v7-m/nofp/libc_nano.a(lib_a-nano-reallocr.o)
                                                  /home/arashamf/soft/ARM_toolchains/gcc-arm-none-eabi-10.3-2021.10/bin/../lib/gcc/arm-none-eabi/10.3.1/../../../../arm-none-eabi/lib/thumb/v7-m/nofp/libc_nano.a(lib_a-nano-svfprintf.o)
_malloc_usable_size_r                             /home/arashamf/soft/ARM_toolchains/gcc-arm-none-eabi-10.3-2021.10/bin/../lib/gcc/arm-none-eabi/10.3.1/../../../../arm-none-eabi/lib/thumb/v7-m/nofp/libc_nano.a(lib_a-nano-msizer.o)
                                                  /home/arashamf/soft/ARM_toolchains/gcc-arm-none-eabi-10.3-2021.10/bin/../lib/gcc/arm-none-eabi/10.3.1/../../../../arm-none-eabi/lib/thumb/v7-m/nofp/libc_nano.a(lib_a-nano-reallocr.o)
_open                                             build/syscalls.o
_printf_common                                    /home/arashamf/soft/ARM_toolchains/gcc-arm-none-eabi-10.3-2021.10/bin/../lib/gcc/arm-none-eabi/10.3.1/../../../../arm-none-eabi/lib/thumb/v7-m/nofp/libc_nano.a(lib_a-nano-vfprintf_i.o)
_printf_float                                     /home/arashamf/soft/ARM_toolchains/gcc-arm-none-eabi-10.3-2021.10/bin/../lib/gcc/arm-none-eabi/10.3.1/../../../../arm-none-eabi/lib/thumb/v7-m/nofp/libc_nano.a(lib_a-nano-svfprintf.o)
_printf_i                                         /home/arashamf/soft/ARM_toolchains/gcc-arm-none-eabi-10.3-2021.10/bin/../lib/gcc/arm-none-eabi/10.3.1/../../../../arm-none-eabi/lib/thumb/v7-m/nofp/libc_nano.a(lib_a-nano-vfprintf_i.o)
                                                  /home/arashamf/soft/ARM_toolchains/gcc-arm-none-eabi-10.3-2021.10/bin/../lib/gcc/arm-none-eabi/10.3.1/../../../../arm-none-eabi/lib/thumb/v7-m/nofp/libc_nano.a(lib_a-nano-svfprintf.o)
_read                                             build/syscalls.o
_realloc_r                                        /home/arashamf/soft/ARM_toolchains/gcc-arm-none-eabi-10.3-2021.10/bin/../lib/gcc/arm-none-eabi/10.3.1/../../../../arm-none-eabi/lib/thumb/v7-m/nofp/libc_nano.a(lib_a-nano-reallocr.o)
                                                  /home/arashamf/soft/ARM_toolchains/gcc-arm-none-eabi-10.3-2021.10/bin/../lib/gcc/arm-none-eabi/10.3.1/../../../../arm-none-eabi/lib/thumb/v7-m/nofp/libc_nano.a(lib_a-nano-svfprintf.o)
_reclaim_reent                                    /home/arashamf/soft/ARM_toolchains/gcc-arm-none-eabi-10.3-2021.10/bin/../lib/gcc/arm-none-eabi/10.3.1/../../../../arm-none-eabi/lib/thumb/v7-m/nofp/libc_nano.a(lib_a-reent.o)
_sbrk                                             build/sysmem.o
                                                  /home/arashamf/soft/ARM_toolchains/gcc-arm-none-eabi-10.3-2021.10/bin/../lib/gcc/arm-none-eabi/10.3.1/../../../../arm-none-eabi/lib/thumb/v7-m/nofp/libc_nano.a(lib_a-sbrkr.o)
_sbrk_r                                           /home/arashamf/soft/ARM_toolchains/gcc-arm-none-eabi-10.3-2021.10/bin/../lib/gcc/arm-none-eabi/10.3.1/../../../../arm-none-eabi/lib/thumb/v7-m/nofp/libc_nano.a(lib_a-sbrkr.o)
                                                  /home/arashamf/soft/ARM_toolchains/gcc-arm-none-eabi-10.3-2021.10/bin/../lib/gcc/arm-none-eabi/10.3.1/../../../../arm-none-eabi/lib/thumb/v7-m/nofp/libc_nano.a(lib_a-nano-mallocr.o)
_sbss                                             build/startup_stm32f103xb.o
_sdata                                            build/startup_stm32f103xb.o
_sidata                                           build/startup_stm32f103xb.o
_siprintf_r                                       /home/arashamf/soft/ARM_toolchains/gcc-arm-none-eabi-10.3-2021.10/bin/../lib/gcc/arm-none-eabi/10.3.1/../../../../arm-none-eabi/lib/thumb/v7-m/nofp/libc_nano.a(lib_a-sprintf.o)
_sniprintf_r                                      /home/arashamf/soft/ARM_toolchains/gcc-arm-none-eabi-10.3-2021.10/bin/../lib/gcc/arm-none-eabi/10.3.1/../../../../arm-none-eabi/lib/thumb/v7-m/nofp/libc_nano.a(lib_a-snprintf.o)
_snprintf_r                                       /home/arashamf/soft/ARM_toolchains/gcc-arm-none-eabi-10.3-2021.10/bin/../lib/gcc/arm-none-eabi/10.3.1/../../../../arm-none-eabi/lib/thumb/v7-m/nofp/libc_nano.a(lib_a-snprintf.o)
_sprintf_r                                        /home/arashamf/soft/ARM_toolchains/gcc-arm-none-eabi-10.3-2021.10/bin/../lib/gcc/arm-none-eabi/10.3.1/../../../../arm-none-eabi/lib/thumb/v7-m/nofp/libc_nano.a(lib_a-sprintf.o)
_stack_init                                       /home/arashamf/soft/ARM_toolchains/gcc-arm-none-eabi-10.3-2021.10/bin/../lib/gcc/arm-none-eabi/10.3.1/../../../../arm-none-eabi/lib/thumb/v7-m/nofp/crt0.o
_start                                            /home/arashamf/soft/ARM_toolchains/gcc-arm-none-eabi-10.3-2021.10/bin/../lib/gcc/arm-none-eabi/10.3.1/../../../../arm-none-eabi/lib/thumb/v7-m/nofp/crt0.o
_stat                                             build/syscalls.o
_svfiprintf_r                                     /home/arashamf/soft/ARM_toolchains/gcc-arm-none-eabi-10.3-2021.10/bin/../lib/gcc/arm-none-eabi/10.3.1/../../../../arm-none-eabi/lib/thumb/v7-m/nofp/libc_nano.a(lib_a-nano-svfprintf.o)
_svfprintf_r                                      /home/arashamf/soft/ARM_toolchains/gcc-arm-none-eabi-10.3-2021.10/bin/../lib/gcc/arm-none-eabi/10.3.1/../../../../arm-none-eabi/lib/thumb/v7-m/nofp/libc_nano.a(lib_a-nano-svfprintf.o)
                                                  /home/arashamf/soft/ARM_toolchains/gcc-arm-none-eabi-10.3-2021.10/bin/../lib/gcc/arm-none-eabi/10.3.1/../../../../arm-none-eabi/lib/thumb/v7-m/nofp/libc_nano.a(lib_a-sprintf.o)
                                                  /home/arashamf/soft/ARM_toolchains/gcc-arm-none-eabi-10.3-2021.10/bin/../lib/gcc/arm-none-eabi/10.3.1/../../../../arm-none-eabi/lib/thumb/v7-m/nofp/libc_nano.a(lib_a-snprintf.o)
_times                                            build/syscalls.o
_unlink                                           build/syscalls.o
_wait                                             build/syscalls.o
_write                                            build/syscalls.o
atexit                                            /home/arashamf/soft/ARM_toolchains/gcc-arm-none-eabi-10.3-2021.10/bin/../lib/gcc/arm-none-eabi/10.3.1/../../../../arm-none-eabi/lib/thumb/v7-m/nofp/crt0.o
cleanup_glue                                      /home/arashamf/soft/ARM_toolchains/gcc-arm-none-eabi-10.3-2021.10/bin/../lib/gcc/arm-none-eabi/10.3.1/../../../../arm-none-eabi/lib/thumb/v7-m/nofp/libc_nano.a(lib_a-reent.o)
delay_ms                                          build/tim.o
                                                  build/main.o
delay_us                                          build/tim.o
                                                  build/OLED.o
                                                  build/main.o
enc_count                                         build/main.o
environ                                           build/syscalls.o
errno                                             /home/arashamf/soft/ARM_toolchains/gcc-arm-none-eabi-10.3-2021.10/bin/../lib/gcc/arm-none-eabi/10.3.1/../../../../arm-none-eabi/lib/thumb/v7-m/nofp/libc_nano.a(lib_a-reent.o)
                                                  /home/arashamf/soft/ARM_toolchains/gcc-arm-none-eabi-10.3-2021.10/bin/../lib/gcc/arm-none-eabi/10.3.1/../../../../arm-none-eabi/lib/thumb/v7-m/nofp/libc_nano.a(lib_a-sbrkr.o)
exit                                              /home/arashamf/soft/ARM_toolchains/gcc-arm-none-eabi-10.3-2021.10/bin/../lib/gcc/arm-none-eabi/10.3.1/../../../../arm-none-eabi/lib/thumb/v7-m/nofp/libc_nano.a(lib_a-exit.o)
                                                  /home/arashamf/soft/ARM_toolchains/gcc-arm-none-eabi-10.3-2021.10/bin/../lib/gcc/arm-none-eabi/10.3.1/../../../../arm-none-eabi/lib/thumb/v7-m/nofp/crt0.o
flag_dir                                          build/main.o
flag_end_delay                                    build/main.o
                                                  build/tim.o
flag_rev                                          build/main.o
g_pfnVectors                                      build/startup_stm32f103xb.o
hardware_init_hook                                /home/arashamf/soft/ARM_toolchains/gcc-arm-none-eabi-10.3-2021.10/bin/../lib/gcc/arm-none-eabi/10.3.1/../../../../arm-none-eabi/lib/thumb/v7-m/nofp/crt0.o
icon_clock                                        build/OLED_Icons.o
initialise_monitor_handles                        build/syscalls.o
lcd_buf                                           build/main.o
main                                              build/main.o
                                                  build/startup_stm32f103xb.o
                                                  /home/arashamf/soft/ARM_toolchains/gcc-arm-none-eabi-10.3-2021.10/bin/../lib/gcc/arm-none-eabi/10.3.1/../../../../arm-none-eabi/lib/thumb/v7-m/nofp/crt0.o
memchr                                            /home/arashamf/soft/ARM_toolchains/gcc-arm-none-eabi-10.3-2021.10/bin/../lib/gcc/arm-none-eabi/10.3.1/../../../../arm-none-eabi/lib/thumb/v7-m/nofp/libc_nano.a(lib_a-memchr-stub.o)
                                                  /home/arashamf/soft/ARM_toolchains/gcc-arm-none-eabi-10.3-2021.10/bin/../lib/gcc/arm-none-eabi/10.3.1/../../../../arm-none-eabi/lib/thumb/v7-m/nofp/libc_nano.a(lib_a-nano-vfprintf_i.o)
                                                  /home/arashamf/soft/ARM_toolchains/gcc-arm-none-eabi-10.3-2021.10/bin/../lib/gcc/arm-none-eabi/10.3.1/../../../../arm-none-eabi/lib/thumb/v7-m/nofp/libc_nano.a(lib_a-nano-svfprintf.o)
memcpy                                            /home/arashamf/soft/ARM_toolchains/gcc-arm-none-eabi-10.3-2021.10/bin/../lib/gcc/arm-none-eabi/10.3.1/../../../../arm-none-eabi/lib/thumb/v7-m/nofp/libc_nano.a(lib_a-memcpy-stub.o)
                                                  /home/arashamf/soft/ARM_toolchains/gcc-arm-none-eabi-10.3-2021.10/bin/../lib/gcc/arm-none-eabi/10.3.1/../../../../arm-none-eabi/lib/thumb/v7-m/nofp/libc_nano.a(lib_a-nano-reallocr.o)
                                                  /home/arashamf/soft/ARM_toolchains/gcc-arm-none-eabi-10.3-2021.10/bin/../lib/gcc/arm-none-eabi/10.3.1/../../../../arm-none-eabi/lib/thumb/v7-m/nofp/libc_nano.a(lib_a-nano-svfprintf.o)
memmove                                           /home/arashamf/soft/ARM_toolchains/gcc-arm-none-eabi-10.3-2021.10/bin/../lib/gcc/arm-none-eabi/10.3.1/../../../../arm-none-eabi/lib/thumb/v7-m/nofp/libc_nano.a(lib_a-memmove.o)
                                                  /home/arashamf/soft/ARM_toolchains/gcc-arm-none-eabi-10.3-2021.10/bin/../lib/gcc/arm-none-eabi/10.3.1/../../../../arm-none-eabi/lib/thumb/v7-m/nofp/libc_nano.a(lib_a-nano-svfprintf.o)
memset                                            /home/arashamf/soft/ARM_toolchains/gcc-arm-none-eabi-10.3-2021.10/bin/../lib/gcc/arm-none-eabi/10.3.1/../../../../arm-none-eabi/lib/thumb/v7-m/nofp/libc_nano.a(lib_a-memset.o)
                                                  build/spi.o
                                                  /home/arashamf/soft/ARM_toolchains/gcc-arm-none-eabi-10.3-2021.10/bin/../lib/gcc/arm-none-eabi/10.3.1/../../../../arm-none-eabi/lib/thumb/v7-m/nofp/crt0.o
ms_delay                                          build/main.o
read_gray_code_from_encoder                       build/gpio.o
                                                  build/main.o
siprintf                                          /home/arashamf/soft/ARM_toolchains/gcc-arm-none-eabi-10.3-2021.10/bin/../lib/gcc/arm-none-eabi/10.3.1/../../../../arm-none-eabi/lib/thumb/v7-m/nofp/libc_nano.a(lib_a-sprintf.o)
sniprintf                                         /home/arashamf/soft/ARM_toolchains/gcc-arm-none-eabi-10.3-2021.10/bin/../lib/gcc/arm-none-eabi/10.3.1/../../../../arm-none-eabi/lib/thumb/v7-m/nofp/libc_nano.a(lib_a-snprintf.o)
snprintf                                          /home/arashamf/soft/ARM_toolchains/gcc-arm-none-eabi-10.3-2021.10/bin/../lib/gcc/arm-none-eabi/10.3.1/../../../../arm-none-eabi/lib/thumb/v7-m/nofp/libc_nano.a(lib_a-snprintf.o)
                                                  build/main.o
software_init_hook                                /home/arashamf/soft/ARM_toolchains/gcc-arm-none-eabi-10.3-2021.10/bin/../lib/gcc/arm-none-eabi/10.3.1/../../../../arm-none-eabi/lib/thumb/v7-m/nofp/crt0.o
sprintf                                           /home/arashamf/soft/ARM_toolchains/gcc-arm-none-eabi-10.3-2021.10/bin/../lib/gcc/arm-none-eabi/10.3.1/../../../../arm-none-eabi/lib/thumb/v7-m/nofp/libc_nano.a(lib_a-sprintf.o)
                                                  build/OLED.o
state_machine                                     build/main.o
strlen                                            /home/arashamf/soft/ARM_toolchains/gcc-arm-none-eabi-10.3-2021.10/bin/../lib/gcc/arm-none-eabi/10.3.1/../../../../arm-none-eabi/lib/thumb/v7-m/nofp/libc_nano.a(lib_a-strlen.o)
                                                  build/OLED.o
val_new                                           build/main.o
val_old                                           build/main.o
